mode: set
github.com/debdutsaha/pgcdc/internal/cdc/filter.go:39.47,42.18 2 1
github.com/debdutsaha/pgcdc/internal/cdc/filter.go:42.18,44.48 2 1
github.com/debdutsaha/pgcdc/internal/cdc/filter.go:44.48,46.15 2 1
github.com/debdutsaha/pgcdc/internal/cdc/filter.go:46.15,48.5 1 1
github.com/debdutsaha/pgcdc/internal/cdc/filter.go:52.2,52.19 1 1
github.com/debdutsaha/pgcdc/internal/cdc/filter.go:52.19,54.49 2 1
github.com/debdutsaha/pgcdc/internal/cdc/filter.go:54.49,56.15 2 1
github.com/debdutsaha/pgcdc/internal/cdc/filter.go:56.15,58.5 1 1
github.com/debdutsaha/pgcdc/internal/cdc/filter.go:62.2,62.10 1 1
github.com/debdutsaha/pgcdc/internal/cdc/filter.go:66.47,68.24 1 1
github.com/debdutsaha/pgcdc/internal/cdc/filter.go:68.24,69.44 1 1
github.com/debdutsaha/pgcdc/internal/cdc/filter.go:69.44,71.4 1 1
github.com/debdutsaha/pgcdc/internal/cdc/filter.go:75.2,75.23 1 1
github.com/debdutsaha/pgcdc/internal/cdc/filter.go:75.23,82.37 5 1
github.com/debdutsaha/pgcdc/internal/cdc/filter.go:82.37,84.4 1 1
github.com/debdutsaha/pgcdc/internal/cdc/filter.go:87.2,87.13 1 1
github.com/debdutsaha/pgcdc/internal/cdc/filter.go:92.38,93.24 1 1
github.com/debdutsaha/pgcdc/internal/cdc/filter.go:93.24,95.3 1 1
github.com/debdutsaha/pgcdc/internal/cdc/filter.go:96.2,97.26 2 1
github.com/debdutsaha/pgcdc/internal/cdc/filter.go:97.26,99.3 1 1
github.com/debdutsaha/pgcdc/internal/cdc/filter.go:100.2,100.15 1 1
github.com/debdutsaha/pgcdc/internal/cdc/snapshot.go:43.111,49.2 1 1
github.com/debdutsaha/pgcdc/internal/cdc/snapshot.go:53.77,54.24 1 1
github.com/debdutsaha/pgcdc/internal/cdc/snapshot.go:54.24,56.3 1 1
github.com/debdutsaha/pgcdc/internal/cdc/snapshot.go:59.2,60.16 2 0
github.com/debdutsaha/pgcdc/internal/cdc/snapshot.go:60.16,62.3 1 0
github.com/debdutsaha/pgcdc/internal/cdc/snapshot.go:63.2,78.16 3 0
github.com/debdutsaha/pgcdc/internal/cdc/snapshot.go:78.16,80.3 1 0
github.com/debdutsaha/pgcdc/internal/cdc/snapshot.go:81.2,87.16 4 0
github.com/debdutsaha/pgcdc/internal/cdc/snapshot.go:87.16,89.3 1 0
github.com/debdutsaha/pgcdc/internal/cdc/snapshot.go:90.2,93.33 2 0
github.com/debdutsaha/pgcdc/internal/cdc/snapshot.go:93.33,95.17 2 0
github.com/debdutsaha/pgcdc/internal/cdc/snapshot.go:95.17,97.4 1 0
github.com/debdutsaha/pgcdc/internal/cdc/snapshot.go:98.3,98.55 1 0
github.com/debdutsaha/pgcdc/internal/cdc/snapshot.go:103.2,103.39 1 0
github.com/debdutsaha/pgcdc/internal/cdc/snapshot.go:103.39,105.3 1 0
github.com/debdutsaha/pgcdc/internal/cdc/snapshot.go:107.2,107.17 1 0
github.com/debdutsaha/pgcdc/internal/cdc/snapshot.go:111.95,127.16 2 0
github.com/debdutsaha/pgcdc/internal/cdc/snapshot.go:127.16,129.3 1 0
github.com/debdutsaha/pgcdc/internal/cdc/snapshot.go:131.2,132.21 2 0
github.com/debdutsaha/pgcdc/internal/cdc/snapshot.go:132.21,134.44 2 0
github.com/debdutsaha/pgcdc/internal/cdc/snapshot.go:134.44,137.4 2 0
github.com/debdutsaha/pgcdc/internal/cdc/snapshot.go:138.3,138.33 1 0
github.com/debdutsaha/pgcdc/internal/cdc/snapshot.go:140.2,141.38 2 0
github.com/debdutsaha/pgcdc/internal/cdc/snapshot.go:141.38,143.3 1 0
github.com/debdutsaha/pgcdc/internal/cdc/snapshot.go:145.2,145.23 1 0
github.com/debdutsaha/pgcdc/internal/cdc/snapshot.go:145.23,147.3 1 0
github.com/debdutsaha/pgcdc/internal/cdc/snapshot.go:154.2,155.16 2 0
github.com/debdutsaha/pgcdc/internal/cdc/snapshot.go:155.16,157.3 1 0
github.com/debdutsaha/pgcdc/internal/cdc/snapshot.go:158.2,163.18 4 0
github.com/debdutsaha/pgcdc/internal/cdc/snapshot.go:163.18,166.17 2 0
github.com/debdutsaha/pgcdc/internal/cdc/snapshot.go:166.17,168.4 1 0
github.com/debdutsaha/pgcdc/internal/cdc/snapshot.go:171.3,172.31 2 0
github.com/debdutsaha/pgcdc/internal/cdc/snapshot.go:172.31,173.23 1 0
github.com/debdutsaha/pgcdc/internal/cdc/snapshot.go:173.23,175.5 1 0
github.com/debdutsaha/pgcdc/internal/cdc/snapshot.go:178.3,188.47 2 0
github.com/debdutsaha/pgcdc/internal/cdc/snapshot.go:188.47,190.4 1 0
github.com/debdutsaha/pgcdc/internal/cdc/snapshot.go:191.3,192.57 2 0
github.com/debdutsaha/pgcdc/internal/cdc/snapshot.go:195.2,195.26 1 0
github.com/debdutsaha/pgcdc/internal/cdc/snapshot.go:200.37,202.2 1 1
github.com/debdutsaha/pgcdc/internal/cdc/stream.go:62.142,67.36 2 1
github.com/debdutsaha/pgcdc/internal/cdc/stream.go:67.36,69.3 1 1
github.com/debdutsaha/pgcdc/internal/cdc/stream.go:71.2,80.3 1 1
github.com/debdutsaha/pgcdc/internal/cdc/stream.go:86.42,88.2 1 1
github.com/debdutsaha/pgcdc/internal/cdc/stream.go:98.49,101.16 2 0
github.com/debdutsaha/pgcdc/internal/cdc/stream.go:101.16,103.3 1 0
github.com/debdutsaha/pgcdc/internal/cdc/stream.go:104.2,109.16 4 0
github.com/debdutsaha/pgcdc/internal/cdc/stream.go:109.16,111.3 1 0
github.com/debdutsaha/pgcdc/internal/cdc/stream.go:112.2,116.49 2 0
github.com/debdutsaha/pgcdc/internal/cdc/stream.go:116.49,118.3 1 0
github.com/debdutsaha/pgcdc/internal/cdc/stream.go:121.2,122.16 2 0
github.com/debdutsaha/pgcdc/internal/cdc/stream.go:122.16,124.3 1 0
github.com/debdutsaha/pgcdc/internal/cdc/stream.go:128.2,128.30 1 0
github.com/debdutsaha/pgcdc/internal/cdc/stream.go:128.30,130.17 2 0
github.com/debdutsaha/pgcdc/internal/cdc/stream.go:130.17,132.4 1 0
github.com/debdutsaha/pgcdc/internal/cdc/stream.go:133.3,134.74 2 0
github.com/debdutsaha/pgcdc/internal/cdc/stream.go:135.8,137.3 1 0
github.com/debdutsaha/pgcdc/internal/cdc/stream.go:140.2,148.16 2 0
github.com/debdutsaha/pgcdc/internal/cdc/stream.go:148.16,150.3 1 0
github.com/debdutsaha/pgcdc/internal/cdc/stream.go:151.2,154.33 2 0
github.com/debdutsaha/pgcdc/internal/cdc/stream.go:158.78,168.15 2 0
github.com/debdutsaha/pgcdc/internal/cdc/stream.go:168.15,169.37 1 0
github.com/debdutsaha/pgcdc/internal/cdc/stream.go:169.37,173.67 3 0
github.com/debdutsaha/pgcdc/internal/cdc/stream.go:173.67,175.5 1 0
github.com/debdutsaha/pgcdc/internal/cdc/stream.go:175.10,177.5 1 0
github.com/debdutsaha/pgcdc/internal/cdc/stream.go:181.2,181.6 1 0
github.com/debdutsaha/pgcdc/internal/cdc/stream.go:181.6,182.23 1 0
github.com/debdutsaha/pgcdc/internal/cdc/stream.go:182.23,184.4 1 0
github.com/debdutsaha/pgcdc/internal/cdc/stream.go:187.3,187.70 1 0
github.com/debdutsaha/pgcdc/internal/cdc/stream.go:187.70,188.64 1 0
github.com/debdutsaha/pgcdc/internal/cdc/stream.go:188.64,190.5 1 0
github.com/debdutsaha/pgcdc/internal/cdc/stream.go:191.4,193.45 3 0
github.com/debdutsaha/pgcdc/internal/cdc/stream.go:197.3,201.17 4 0
github.com/debdutsaha/pgcdc/internal/cdc/stream.go:201.17,202.27 1 0
github.com/debdutsaha/pgcdc/internal/cdc/stream.go:202.27,203.13 1 0
github.com/debdutsaha/pgcdc/internal/cdc/stream.go:205.4,205.24 1 0
github.com/debdutsaha/pgcdc/internal/cdc/stream.go:205.24,207.5 1 0
github.com/debdutsaha/pgcdc/internal/cdc/stream.go:208.4,208.41 1 0
github.com/debdutsaha/pgcdc/internal/cdc/stream.go:211.3,212.10 2 0
github.com/debdutsaha/pgcdc/internal/cdc/stream.go:212.10,213.12 1 0
github.com/debdutsaha/pgcdc/internal/cdc/stream.go:216.3,216.27 1 0
github.com/debdutsaha/pgcdc/internal/cdc/stream.go:217.48,219.18 2 0
github.com/debdutsaha/pgcdc/internal/cdc/stream.go:219.18,221.5 1 0
github.com/debdutsaha/pgcdc/internal/cdc/stream.go:222.4,222.32 1 0
github.com/debdutsaha/pgcdc/internal/cdc/stream.go:222.32,223.65 1 0
github.com/debdutsaha/pgcdc/internal/cdc/stream.go:223.65,225.6 1 0
github.com/debdutsaha/pgcdc/internal/cdc/stream.go:228.33,230.18 2 0
github.com/debdutsaha/pgcdc/internal/cdc/stream.go:230.18,232.5 1 0
github.com/debdutsaha/pgcdc/internal/cdc/stream.go:233.4,235.58 2 0
github.com/debdutsaha/pgcdc/internal/cdc/stream.go:235.58,237.5 1 0
github.com/debdutsaha/pgcdc/internal/cdc/stream.go:243.89,245.16 2 0
github.com/debdutsaha/pgcdc/internal/cdc/stream.go:245.16,247.3 1 0
github.com/debdutsaha/pgcdc/internal/cdc/stream.go:249.2,249.25 1 0
github.com/debdutsaha/pgcdc/internal/cdc/stream.go:250.31,253.37 2 0
github.com/debdutsaha/pgcdc/internal/cdc/stream.go:255.32,258.36 2 0
github.com/debdutsaha/pgcdc/internal/cdc/stream.go:260.34,263.32 1 0
github.com/debdutsaha/pgcdc/internal/cdc/stream.go:265.32,267.10 2 0
github.com/debdutsaha/pgcdc/internal/cdc/stream.go:267.10,269.4 1 0
github.com/debdutsaha/pgcdc/internal/cdc/stream.go:270.3,279.54 2 0
github.com/debdutsaha/pgcdc/internal/cdc/stream.go:279.54,281.4 1 0
github.com/debdutsaha/pgcdc/internal/cdc/stream.go:283.32,285.10 2 0
github.com/debdutsaha/pgcdc/internal/cdc/stream.go:285.10,287.4 1 0
github.com/debdutsaha/pgcdc/internal/cdc/stream.go:288.3,297.24 2 0
github.com/debdutsaha/pgcdc/internal/cdc/stream.go:297.24,299.4 1 0
github.com/debdutsaha/pgcdc/internal/cdc/stream.go:300.3,300.54 1 0
github.com/debdutsaha/pgcdc/internal/cdc/stream.go:300.54,302.4 1 0
github.com/debdutsaha/pgcdc/internal/cdc/stream.go:304.32,306.10 2 0
github.com/debdutsaha/pgcdc/internal/cdc/stream.go:306.10,308.4 1 0
github.com/debdutsaha/pgcdc/internal/cdc/stream.go:309.3,318.54 2 0
github.com/debdutsaha/pgcdc/internal/cdc/stream.go:318.54,320.4 1 0
github.com/debdutsaha/pgcdc/internal/cdc/stream.go:322.34,325.80 1 0
github.com/debdutsaha/pgcdc/internal/cdc/stream.go:328.2,328.12 1 0
github.com/debdutsaha/pgcdc/internal/cdc/stream.go:332.105,333.18 1 1
github.com/debdutsaha/pgcdc/internal/cdc/stream.go:333.18,335.3 1 1
github.com/debdutsaha/pgcdc/internal/cdc/stream.go:336.2,337.36 2 1
github.com/debdutsaha/pgcdc/internal/cdc/stream.go:337.36,339.23 2 1
github.com/debdutsaha/pgcdc/internal/cdc/stream.go:340.12,341.29 1 1
github.com/debdutsaha/pgcdc/internal/cdc/stream.go:342.12,342.12 0 1
github.com/debdutsaha/pgcdc/internal/cdc/stream.go:346.12,348.18 2 1
github.com/debdutsaha/pgcdc/internal/cdc/stream.go:348.18,350.5 1 0
github.com/debdutsaha/pgcdc/internal/cdc/stream.go:350.10,352.5 1 1
github.com/debdutsaha/pgcdc/internal/cdc/stream.go:353.12,355.18 2 1
github.com/debdutsaha/pgcdc/internal/cdc/stream.go:355.18,357.5 1 1
github.com/debdutsaha/pgcdc/internal/cdc/stream.go:357.10,359.5 1 1
github.com/debdutsaha/pgcdc/internal/cdc/stream.go:362.2,362.15 1 1
github.com/debdutsaha/pgcdc/internal/cdc/stream.go:366.73,368.9 2 1
github.com/debdutsaha/pgcdc/internal/cdc/stream.go:368.9,370.3 1 1
github.com/debdutsaha/pgcdc/internal/cdc/stream.go:371.2,371.75 1 1
github.com/debdutsaha/pgcdc/internal/cdc/stream.go:375.75,377.9 2 1
github.com/debdutsaha/pgcdc/internal/cdc/stream.go:377.9,379.3 1 1
github.com/debdutsaha/pgcdc/internal/cdc/stream.go:380.2,380.77 1 1
github.com/debdutsaha/pgcdc/internal/cdc/stream.go:384.79,385.28 1 1
github.com/debdutsaha/pgcdc/internal/cdc/stream.go:385.28,387.3 1 1
github.com/debdutsaha/pgcdc/internal/cdc/stream.go:388.2,388.46 1 1
github.com/debdutsaha/pgcdc/internal/cdc/stream.go:388.46,390.3 1 1
github.com/debdutsaha/pgcdc/internal/cdc/stream.go:391.2,391.12 1 1
github.com/debdutsaha/pgcdc/internal/cdc/stream.go:395.93,403.2 1 0
github.com/debdutsaha/pgcdc/internal/cdc/stream.go:406.63,408.16 2 0
github.com/debdutsaha/pgcdc/internal/cdc/stream.go:408.16,410.3 1 0
github.com/debdutsaha/pgcdc/internal/cdc/stream.go:411.2,418.19 4 0
github.com/debdutsaha/pgcdc/internal/cdc/stream.go:418.19,420.3 1 0
github.com/debdutsaha/pgcdc/internal/cdc/stream.go:422.2,422.23 1 0
github.com/debdutsaha/pgcdc/internal/cdc/stream.go:422.23,428.54 2 0
github.com/debdutsaha/pgcdc/internal/cdc/stream.go:428.54,430.4 1 0
github.com/debdutsaha/pgcdc/internal/cdc/stream.go:430.9,432.4 1 0
github.com/debdutsaha/pgcdc/internal/cdc/stream.go:434.3,435.43 2 0
github.com/debdutsaha/pgcdc/internal/cdc/stream.go:435.43,437.4 1 0
github.com/debdutsaha/pgcdc/internal/cdc/stream.go:438.3,438.67 1 0
github.com/debdutsaha/pgcdc/internal/cdc/stream.go:439.8,441.3 1 0
github.com/debdutsaha/pgcdc/internal/cdc/stream.go:442.2,442.12 1 0
github.com/debdutsaha/pgcdc/internal/cdc/stream.go:446.94,451.16 2 0
github.com/debdutsaha/pgcdc/internal/cdc/stream.go:451.16,454.23 2 0
github.com/debdutsaha/pgcdc/internal/cdc/stream.go:454.23,456.4 1 0
github.com/debdutsaha/pgcdc/internal/cdc/stream.go:457.3,458.18 2 0
github.com/debdutsaha/pgcdc/internal/cdc/stream.go:461.2,463.17 3 0
github.com/debdutsaha/pgcdc/internal/cdc/stream.go:467.73,469.16 2 0
github.com/debdutsaha/pgcdc/internal/cdc/stream.go:469.16,471.3 1 0
github.com/debdutsaha/pgcdc/internal/cdc/stream.go:472.2,479.19 4 0
github.com/debdutsaha/pgcdc/internal/cdc/stream.go:479.19,481.3 1 0
github.com/debdutsaha/pgcdc/internal/cdc/stream.go:482.2,482.23 1 0
github.com/debdutsaha/pgcdc/internal/cdc/stream.go:482.23,484.3 1 0
github.com/debdutsaha/pgcdc/internal/cdc/stream.go:485.2,485.50 1 0
