mode: set
github.com/debdutsaha/pgcdc/internal/cdc/filter.go:39.47,42.18 2 1
github.com/debdutsaha/pgcdc/internal/cdc/filter.go:42.18,44.48 2 1
github.com/debdutsaha/pgcdc/internal/cdc/filter.go:44.48,46.15 2 1
github.com/debdutsaha/pgcdc/internal/cdc/filter.go:46.15,48.5 1 1
github.com/debdutsaha/pgcdc/internal/cdc/filter.go:52.2,52.19 1 1
github.com/debdutsaha/pgcdc/internal/cdc/filter.go:52.19,54.49 2 1
github.com/debdutsaha/pgcdc/internal/cdc/filter.go:54.49,56.15 2 1
github.com/debdutsaha/pgcdc/internal/cdc/filter.go:56.15,58.5 1 1
github.com/debdutsaha/pgcdc/internal/cdc/filter.go:62.2,62.10 1 1
github.com/debdutsaha/pgcdc/internal/cdc/filter.go:66.47,68.24 1 1
github.com/debdutsaha/pgcdc/internal/cdc/filter.go:68.24,69.44 1 1
github.com/debdutsaha/pgcdc/internal/cdc/filter.go:69.44,71.4 1 1
github.com/debdutsaha/pgcdc/internal/cdc/filter.go:75.2,75.23 1 1
github.com/debdutsaha/pgcdc/internal/cdc/filter.go:75.23,82.37 5 1
github.com/debdutsaha/pgcdc/internal/cdc/filter.go:82.37,84.4 1 1
github.com/debdutsaha/pgcdc/internal/cdc/filter.go:87.2,87.13 1 1
github.com/debdutsaha/pgcdc/internal/cdc/filter.go:92.38,93.24 1 1
github.com/debdutsaha/pgcdc/internal/cdc/filter.go:93.24,95.3 1 1
github.com/debdutsaha/pgcdc/internal/cdc/filter.go:96.2,97.26 2 1
github.com/debdutsaha/pgcdc/internal/cdc/filter.go:97.26,99.3 1 1
github.com/debdutsaha/pgcdc/internal/cdc/filter.go:100.2,100.15 1 1
github.com/debdutsaha/pgcdc/internal/cdc/snapshot.go:43.111,49.2 1 1
github.com/debdutsaha/pgcdc/internal/cdc/snapshot.go:53.77,54.24 1 1
github.com/debdutsaha/pgcdc/internal/cdc/snapshot.go:54.24,56.3 1 1
github.com/debdutsaha/pgcdc/internal/cdc/snapshot.go:59.2,60.16 2 0
github.com/debdutsaha/pgcdc/internal/cdc/snapshot.go:60.16,62.3 1 0
github.com/debdutsaha/pgcdc/internal/cdc/snapshot.go:63.2,78.16 3 0
github.com/debdutsaha/pgcdc/internal/cdc/snapshot.go:78.16,80.3 1 0
github.com/debdutsaha/pgcdc/internal/cdc/snapshot.go:81.2,87.16 4 0
github.com/debdutsaha/pgcdc/internal/cdc/snapshot.go:87.16,89.3 1 0
github.com/debdutsaha/pgcdc/internal/cdc/snapshot.go:90.2,93.33 2 0
github.com/debdutsaha/pgcdc/internal/cdc/snapshot.go:93.33,95.17 2 0
github.com/debdutsaha/pgcdc/internal/cdc/snapshot.go:95.17,97.4 1 0
github.com/debdutsaha/pgcdc/internal/cdc/snapshot.go:98.3,98.55 1 0
github.com/debdutsaha/pgcdc/internal/cdc/snapshot.go:103.2,103.39 1 0
github.com/debdutsaha/pgcdc/internal/cdc/snapshot.go:103.39,105.3 1 0
github.com/debdutsaha/pgcdc/internal/cdc/snapshot.go:107.2,107.17 1 0
github.com/debdutsaha/pgcdc/internal/cdc/snapshot.go:111.95,127.16 2 0
github.com/debdutsaha/pgcdc/internal/cdc/snapshot.go:127.16,129.3 1 0
github.com/debdutsaha/pgcdc/internal/cdc/snapshot.go:131.2,132.21 2 0
github.com/debdutsaha/pgcdc/internal/cdc/snapshot.go:132.21,134.44 2 0
github.com/debdutsaha/pgcdc/internal/cdc/snapshot.go:134.44,137.4 2 0
github.com/debdutsaha/pgcdc/internal/cdc/snapshot.go:138.3,138.33 1 0
github.com/debdutsaha/pgcdc/internal/cdc/snapshot.go:140.2,141.38 2 0
github.com/debdutsaha/pgcdc/internal/cdc/snapshot.go:141.38,143.3 1 0
github.com/debdutsaha/pgcdc/internal/cdc/snapshot.go:145.2,145.23 1 0
github.com/debdutsaha/pgcdc/internal/cdc/snapshot.go:145.23,147.3 1 0
github.com/debdutsaha/pgcdc/internal/cdc/snapshot.go:154.2,155.16 2 0
github.com/debdutsaha/pgcdc/internal/cdc/snapshot.go:155.16,157.3 1 0
github.com/debdutsaha/pgcdc/internal/cdc/snapshot.go:158.2,163.18 4 0
github.com/debdutsaha/pgcdc/internal/cdc/snapshot.go:163.18,166.17 2 0
github.com/debdutsaha/pgcdc/internal/cdc/snapshot.go:166.17,168.4 1 0
github.com/debdutsaha/pgcdc/internal/cdc/snapshot.go:171.3,172.31 2 0
github.com/debdutsaha/pgcdc/internal/cdc/snapshot.go:172.31,173.23 1 0
github.com/debdutsaha/pgcdc/internal/cdc/snapshot.go:173.23,175.5 1 0
github.com/debdutsaha/pgcdc/internal/cdc/snapshot.go:178.3,188.47 2 0
github.com/debdutsaha/pgcdc/internal/cdc/snapshot.go:188.47,190.4 1 0
github.com/debdutsaha/pgcdc/internal/cdc/snapshot.go:191.3,192.57 2 0
github.com/debdutsaha/pgcdc/internal/cdc/snapshot.go:195.2,195.26 1 0
github.com/debdutsaha/pgcdc/internal/cdc/snapshot.go:200.37,202.2 1 1
github.com/debdutsaha/pgcdc/internal/cdc/stream.go:62.142,67.36 2 1
github.com/debdutsaha/pgcdc/internal/cdc/stream.go:67.36,69.3 1 1
github.com/debdutsaha/pgcdc/internal/cdc/stream.go:71.2,80.3 1 1
github.com/debdutsaha/pgcdc/internal/cdc/stream.go:86.42,88.2 1 1
github.com/debdutsaha/pgcdc/internal/cdc/stream.go:98.49,101.16 2 0
github.com/debdutsaha/pgcdc/internal/cdc/stream.go:101.16,103.3 1 0
github.com/debdutsaha/pgcdc/internal/cdc/stream.go:104.2,109.16 4 0
github.com/debdutsaha/pgcdc/internal/cdc/stream.go:109.16,111.3 1 0
github.com/debdutsaha/pgcdc/internal/cdc/stream.go:112.2,116.49 2 0
github.com/debdutsaha/pgcdc/internal/cdc/stream.go:116.49,118.3 1 0
github.com/debdutsaha/pgcdc/internal/cdc/stream.go:121.2,122.16 2 0
github.com/debdutsaha/pgcdc/internal/cdc/stream.go:122.16,124.3 1 0
github.com/debdutsaha/pgcdc/internal/cdc/stream.go:128.2,128.30 1 0
github.com/debdutsaha/pgcdc/internal/cdc/stream.go:128.30,130.17 2 0
github.com/debdutsaha/pgcdc/internal/cdc/stream.go:130.17,132.4 1 0
github.com/debdutsaha/pgcdc/internal/cdc/stream.go:133.3,134.74 2 0
github.com/debdutsaha/pgcdc/internal/cdc/stream.go:135.8,137.3 1 0
github.com/debdutsaha/pgcdc/internal/cdc/stream.go:140.2,148.16 2 0
github.com/debdutsaha/pgcdc/internal/cdc/stream.go:148.16,150.3 1 0
github.com/debdutsaha/pgcdc/internal/cdc/stream.go:151.2,154.33 2 0
github.com/debdutsaha/pgcdc/internal/cdc/stream.go:158.78,168.15 2 0
github.com/debdutsaha/pgcdc/internal/cdc/stream.go:168.15,169.37 1 0
github.com/debdutsaha/pgcdc/internal/cdc/stream.go:169.37,173.67 3 0
github.com/debdutsaha/pgcdc/internal/cdc/stream.go:173.67,175.5 1 0
github.com/debdutsaha/pgcdc/internal/cdc/stream.go:175.10,177.5 1 0
github.com/debdutsaha/pgcdc/internal/cdc/stream.go:181.2,181.6 1 0
github.com/debdutsaha/pgcdc/internal/cdc/stream.go:181.6,182.23 1 0
github.com/debdutsaha/pgcdc/internal/cdc/stream.go:182.23,184.4 1 0
github.com/debdutsaha/pgcdc/internal/cdc/stream.go:187.3,187.70 1 0
github.com/debdutsaha/pgcdc/internal/cdc/stream.go:187.70,188.64 1 0
github.com/debdutsaha/pgcdc/internal/cdc/stream.go:188.64,190.5 1 0
github.com/debdutsaha/pgcdc/internal/cdc/stream.go:191.4,193.45 3 0
github.com/debdutsaha/pgcdc/internal/cdc/stream.go:197.3,201.17 4 0
github.com/debdutsaha/pgcdc/internal/cdc/stream.go:201.17,202.27 1 0
github.com/debdutsaha/pgcdc/internal/cdc/stream.go:202.27,203.13 1 0
github.com/debdutsaha/pgcdc/internal/cdc/stream.go:205.4,205.24 1 0
github.com/debdutsaha/pgcdc/internal/cdc/stream.go:205.24,207.5 1 0
github.com/debdutsaha/pgcdc/internal/cdc/stream.go:208.4,208.41 1 0
github.com/debdutsaha/pgcdc/internal/cdc/stream.go:211.3,212.10 2 0
github.com/debdutsaha/pgcdc/internal/cdc/stream.go:212.10,213.12 1 0
github.com/debdutsaha/pgcdc/internal/cdc/stream.go:216.3,216.27 1 0
github.com/debdutsaha/pgcdc/internal/cdc/stream.go:217.48,219.18 2 0
github.com/debdutsaha/pgcdc/internal/cdc/stream.go:219.18,221.5 1 0
github.com/debdutsaha/pgcdc/internal/cdc/stream.go:222.4,222.32 1 0
github.com/debdutsaha/pgcdc/internal/cdc/stream.go:222.32,223.65 1 0
github.com/debdutsaha/pgcdc/internal/cdc/stream.go:223.65,225.6 1 0
github.com/debdutsaha/pgcdc/internal/cdc/stream.go:228.33,230.18 2 0
github.com/debdutsaha/pgcdc/internal/cdc/stream.go:230.18,232.5 1 0
github.com/debdutsaha/pgcdc/internal/cdc/stream.go:233.4,235.58 2 0
github.com/debdutsaha/pgcdc/internal/cdc/stream.go:235.58,237.5 1 0
github.com/debdutsaha/pgcdc/internal/cdc/stream.go:243.89,245.16 2 0
github.com/debdutsaha/pgcdc/internal/cdc/stream.go:245.16,247.3 1 0
github.com/debdutsaha/pgcdc/internal/cdc/stream.go:249.2,249.25 1 0
github.com/debdutsaha/pgcdc/internal/cdc/stream.go:250.31,253.37 2 0
github.com/debdutsaha/pgcdc/internal/cdc/stream.go:255.32,258.36 2 0
github.com/debdutsaha/pgcdc/internal/cdc/stream.go:260.34,263.32 1 0
github.com/debdutsaha/pgcdc/internal/cdc/stream.go:265.32,267.10 2 0
github.com/debdutsaha/pgcdc/internal/cdc/stream.go:267.10,269.4 1 0
github.com/debdutsaha/pgcdc/internal/cdc/stream.go:270.3,279.54 2 0
github.com/debdutsaha/pgcdc/internal/cdc/stream.go:279.54,281.4 1 0
github.com/debdutsaha/pgcdc/internal/cdc/stream.go:283.32,285.10 2 0
github.com/debdutsaha/pgcdc/internal/cdc/stream.go:285.10,287.4 1 0
github.com/debdutsaha/pgcdc/internal/cdc/stream.go:288.3,297.24 2 0
github.com/debdutsaha/pgcdc/internal/cdc/stream.go:297.24,299.4 1 0
github.com/debdutsaha/pgcdc/internal/cdc/stream.go:300.3,300.54 1 0
github.com/debdutsaha/pgcdc/internal/cdc/stream.go:300.54,302.4 1 0
github.com/debdutsaha/pgcdc/internal/cdc/stream.go:304.32,306.10 2 0
github.com/debdutsaha/pgcdc/internal/cdc/stream.go:306.10,308.4 1 0
github.com/debdutsaha/pgcdc/internal/cdc/stream.go:309.3,318.54 2 0
github.com/debdutsaha/pgcdc/internal/cdc/stream.go:318.54,320.4 1 0
github.com/debdutsaha/pgcdc/internal/cdc/stream.go:322.34,325.80 1 0
github.com/debdutsaha/pgcdc/internal/cdc/stream.go:328.2,328.12 1 0
github.com/debdutsaha/pgcdc/internal/cdc/stream.go:332.105,333.18 1 1
github.com/debdutsaha/pgcdc/internal/cdc/stream.go:333.18,335.3 1 1
github.com/debdutsaha/pgcdc/internal/cdc/stream.go:336.2,337.36 2 1
github.com/debdutsaha/pgcdc/internal/cdc/stream.go:337.36,339.23 2 1
github.com/debdutsaha/pgcdc/internal/cdc/stream.go:340.12,341.29 1 1
github.com/debdutsaha/pgcdc/internal/cdc/stream.go:342.12,342.12 0 1
github.com/debdutsaha/pgcdc/internal/cdc/stream.go:346.12,348.18 2 1
github.com/debdutsaha/pgcdc/internal/cdc/stream.go:348.18,350.5 1 0
github.com/debdutsaha/pgcdc/internal/cdc/stream.go:350.10,352.5 1 1
github.com/debdutsaha/pgcdc/internal/cdc/stream.go:353.12,355.18 2 1
github.com/debdutsaha/pgcdc/internal/cdc/stream.go:355.18,357.5 1 1
github.com/debdutsaha/pgcdc/internal/cdc/stream.go:357.10,359.5 1 1
github.com/debdutsaha/pgcdc/internal/cdc/stream.go:362.2,362.15 1 1
github.com/debdutsaha/pgcdc/internal/cdc/stream.go:366.73,368.9 2 1
github.com/debdutsaha/pgcdc/internal/cdc/stream.go:368.9,370.3 1 1
github.com/debdutsaha/pgcdc/internal/cdc/stream.go:371.2,371.75 1 1
github.com/debdutsaha/pgcdc/internal/cdc/stream.go:375.75,377.9 2 1
github.com/debdutsaha/pgcdc/internal/cdc/stream.go:377.9,379.3 1 1
github.com/debdutsaha/pgcdc/internal/cdc/stream.go:380.2,380.77 1 1
github.com/debdutsaha/pgcdc/internal/cdc/stream.go:384.79,385.28 1 1
github.com/debdutsaha/pgcdc/internal/cdc/stream.go:385.28,387.3 1 1
github.com/debdutsaha/pgcdc/internal/cdc/stream.go:388.2,388.46 1 1
github.com/debdutsaha/pgcdc/internal/cdc/stream.go:388.46,390.3 1 1
github.com/debdutsaha/pgcdc/internal/cdc/stream.go:391.2,391.12 1 1
github.com/debdutsaha/pgcdc/internal/cdc/stream.go:395.93,403.2 1 0
github.com/debdutsaha/pgcdc/internal/cdc/stream.go:406.63,408.16 2 0
github.com/debdutsaha/pgcdc/internal/cdc/stream.go:408.16,410.3 1 0
github.com/debdutsaha/pgcdc/internal/cdc/stream.go:411.2,418.19 4 0
github.com/debdutsaha/pgcdc/internal/cdc/stream.go:418.19,420.3 1 0
github.com/debdutsaha/pgcdc/internal/cdc/stream.go:422.2,422.23 1 0
github.com/debdutsaha/pgcdc/internal/cdc/stream.go:422.23,428.54 2 0
github.com/debdutsaha/pgcdc/internal/cdc/stream.go:428.54,430.4 1 0
github.com/debdutsaha/pgcdc/internal/cdc/stream.go:430.9,432.4 1 0
github.com/debdutsaha/pgcdc/internal/cdc/stream.go:434.3,435.43 2 0
github.com/debdutsaha/pgcdc/internal/cdc/stream.go:435.43,437.4 1 0
github.com/debdutsaha/pgcdc/internal/cdc/stream.go:438.3,438.67 1 0
github.com/debdutsaha/pgcdc/internal/cdc/stream.go:439.8,441.3 1 0
github.com/debdutsaha/pgcdc/internal/cdc/stream.go:442.2,442.12 1 0
github.com/debdutsaha/pgcdc/internal/cdc/stream.go:446.94,451.16 2 0
github.com/debdutsaha/pgcdc/internal/cdc/stream.go:451.16,454.23 2 0
github.com/debdutsaha/pgcdc/internal/cdc/stream.go:454.23,456.4 1 0
github.com/debdutsaha/pgcdc/internal/cdc/stream.go:457.3,458.18 2 0
github.com/debdutsaha/pgcdc/internal/cdc/stream.go:461.2,463.17 3 0
github.com/debdutsaha/pgcdc/internal/cdc/stream.go:467.73,469.16 2 0
github.com/debdutsaha/pgcdc/internal/cdc/stream.go:469.16,471.3 1 0
github.com/debdutsaha/pgcdc/internal/cdc/stream.go:472.2,479.19 4 0
github.com/debdutsaha/pgcdc/internal/cdc/stream.go:479.19,481.3 1 0
github.com/debdutsaha/pgcdc/internal/cdc/stream.go:482.2,482.23 1 0
github.com/debdutsaha/pgcdc/internal/cdc/stream.go:482.23,484.3 1 0
github.com/debdutsaha/pgcdc/internal/cdc/stream.go:485.2,485.50 1 0
github.com/debdutsaha/pgcdc/internal/sink/batch.go:61.88,69.2 1 1
github.com/debdutsaha/pgcdc/internal/sink/batch.go:75.79,81.23 2 1
github.com/debdutsaha/pgcdc/internal/sink/batch.go:81.23,83.3 1 1
github.com/debdutsaha/pgcdc/internal/sink/batch.go:85.2,88.24 2 1
github.com/debdutsaha/pgcdc/internal/sink/batch.go:88.24,89.46 1 1
github.com/debdutsaha/pgcdc/internal/sink/batch.go:89.46,95.22 5 1
github.com/debdutsaha/pgcdc/internal/sink/batch.go:95.22,98.65 3 1
github.com/debdutsaha/pgcdc/internal/sink/batch.go:98.65,100.6 1 0
github.com/debdutsaha/pgcdc/internal/sink/batch.go:104.4,104.11 1 1
github.com/debdutsaha/pgcdc/internal/sink/batch.go:105.33,105.33 0 1
github.com/debdutsaha/pgcdc/internal/sink/batch.go:106.12,106.12 0 0
github.com/debdutsaha/pgcdc/internal/sink/batch.go:112.2,112.32 1 1
github.com/debdutsaha/pgcdc/internal/sink/batch.go:112.32,114.21 2 1
github.com/debdutsaha/pgcdc/internal/sink/batch.go:114.21,117.4 2 1
github.com/debdutsaha/pgcdc/internal/sink/batch.go:118.3,121.42 4 1
github.com/debdutsaha/pgcdc/internal/sink/batch.go:124.2,125.12 2 1
github.com/debdutsaha/pgcdc/internal/sink/batch.go:129.35,131.20 2 1
github.com/debdutsaha/pgcdc/internal/sink/batch.go:131.20,134.3 2 1
github.com/debdutsaha/pgcdc/internal/sink/batch.go:135.2,138.20 3 1
github.com/debdutsaha/pgcdc/internal/sink/batch.go:138.20,143.58 5 1
github.com/debdutsaha/pgcdc/internal/sink/batch.go:143.58,145.4 1 0
github.com/debdutsaha/pgcdc/internal/sink/batch.go:147.2,147.24 1 1
github.com/debdutsaha/pgcdc/internal/sink/batch.go:152.57,156.2 3 1
github.com/debdutsaha/pgcdc/internal/sink/dlq.go:53.48,55.16 2 1
github.com/debdutsaha/pgcdc/internal/sink/dlq.go:55.16,57.3 1 0
github.com/debdutsaha/pgcdc/internal/sink/dlq.go:59.2,63.8 1 1
github.com/debdutsaha/pgcdc/internal/sink/dlq.go:75.74,76.62 1 1
github.com/debdutsaha/pgcdc/internal/sink/dlq.go:76.62,87.22 5 1
github.com/debdutsaha/pgcdc/internal/sink/dlq.go:87.22,92.4 2 0
github.com/debdutsaha/pgcdc/internal/sink/dlq.go:94.3,100.13 3 1
github.com/debdutsaha/pgcdc/internal/sink/dlq.go:105.33,109.2 3 1
github.com/debdutsaha/pgcdc/internal/sink/kafka.go:41.75,59.16 3 0
github.com/debdutsaha/pgcdc/internal/sink/kafka.go:59.16,61.3 1 0
github.com/debdutsaha/pgcdc/internal/sink/kafka.go:64.2,64.58 1 0
github.com/debdutsaha/pgcdc/internal/sink/kafka.go:64.58,67.3 2 0
github.com/debdutsaha/pgcdc/internal/sink/kafka.go:68.2,73.8 2 0
github.com/debdutsaha/pgcdc/internal/sink/kafka.go:78.79,87.16 4 0
github.com/debdutsaha/pgcdc/internal/sink/kafka.go:87.16,89.3 1 0
github.com/debdutsaha/pgcdc/internal/sink/kafka.go:95.2,101.42 2 0
github.com/debdutsaha/pgcdc/internal/sink/kafka.go:101.42,103.3 1 0
github.com/debdutsaha/pgcdc/internal/sink/kafka.go:104.2,104.12 1 0
github.com/debdutsaha/pgcdc/internal/sink/kafka.go:108.35,111.2 2 0
github.com/debdutsaha/pgcdc/internal/sink/kafka.go:120.60,123.19 2 1
github.com/debdutsaha/pgcdc/internal/sink/kafka.go:123.19,125.3 1 1
github.com/debdutsaha/pgcdc/internal/sink/kafka.go:127.2,127.19 1 1
github.com/debdutsaha/pgcdc/internal/sink/kafka.go:127.19,128.33 1 1
github.com/debdutsaha/pgcdc/internal/sink/kafka.go:128.33,131.4 2 1
github.com/debdutsaha/pgcdc/internal/sink/kafka.go:135.2,135.78 1 1
github.com/debdutsaha/pgcdc/internal/sink/metrics.go:25.63,27.2 1 1
github.com/debdutsaha/pgcdc/internal/sink/metrics.go:31.81,35.31 2 1
github.com/debdutsaha/pgcdc/internal/sink/metrics.go:35.31,38.3 2 1
github.com/debdutsaha/pgcdc/internal/sink/metrics.go:40.2,48.16 5 1
github.com/debdutsaha/pgcdc/internal/sink/metrics.go:48.16,50.3 1 1
github.com/debdutsaha/pgcdc/internal/sink/metrics.go:51.2,53.12 2 1
github.com/debdutsaha/pgcdc/internal/sink/metrics.go:57.37,59.2 1 1
github.com/debdutsaha/pgcdc/internal/sink/retry.go:43.41,44.28 1 1
github.com/debdutsaha/pgcdc/internal/sink/retry.go:44.28,44.49 1 1
github.com/debdutsaha/pgcdc/internal/sink/retry.go:48.49,49.28 1 1
github.com/debdutsaha/pgcdc/internal/sink/retry.go:49.28,49.47 1 1
github.com/debdutsaha/pgcdc/internal/sink/retry.go:53.48,54.28 1 1
github.com/debdutsaha/pgcdc/internal/sink/retry.go:54.28,54.46 1 1
github.com/debdutsaha/pgcdc/internal/sink/retry.go:59.81,60.28 1 1
github.com/debdutsaha/pgcdc/internal/sink/retry.go:60.28,60.48 1 1
github.com/debdutsaha/pgcdc/internal/sink/retry.go:64.63,70.59 1 1
github.com/debdutsaha/pgcdc/internal/sink/retry.go:70.59,75.4 1 1
github.com/debdutsaha/pgcdc/internal/sink/retry.go:77.2,77.27 1 1
github.com/debdutsaha/pgcdc/internal/sink/retry.go:77.27,79.3 1 1
github.com/debdutsaha/pgcdc/internal/sink/retry.go:80.2,80.10 1 1
github.com/debdutsaha/pgcdc/internal/sink/retry.go:84.79,87.37 2 1
github.com/debdutsaha/pgcdc/internal/sink/retry.go:87.37,89.17 2 1
github.com/debdutsaha/pgcdc/internal/sink/retry.go:89.17,90.19 1 1
github.com/debdutsaha/pgcdc/internal/sink/retry.go:90.19,94.5 2 1
github.com/debdutsaha/pgcdc/internal/sink/retry.go:95.4,95.14 1 1
github.com/debdutsaha/pgcdc/internal/sink/retry.go:98.3,102.23 3 1
github.com/debdutsaha/pgcdc/internal/sink/retry.go:102.23,104.4 1 0
github.com/debdutsaha/pgcdc/internal/sink/retry.go:109.3,110.25 2 1
github.com/debdutsaha/pgcdc/internal/sink/retry.go:110.25,112.4 1 0
github.com/debdutsaha/pgcdc/internal/sink/retry.go:113.3,119.10 4 1
github.com/debdutsaha/pgcdc/internal/sink/retry.go:120.28,120.28 0 1
github.com/debdutsaha/pgcdc/internal/sink/retry.go:122.21,123.75 1 1
github.com/debdutsaha/pgcdc/internal/sink/retry.go:128.2,129.36 2 1
github.com/debdutsaha/pgcdc/internal/sink/retry.go:133.35,135.2 1 1
github.com/debdutsaha/pgcdc/internal/sink/stdout.go:26.34,30.2 1 1
github.com/debdutsaha/pgcdc/internal/sink/stdout.go:33.78,35.2 1 1
github.com/debdutsaha/pgcdc/internal/sink/stdout.go:38.36,40.2 1 1
github.com/debdutsaha/pgcdc/internal/sink/stdout_batch.go:31.44,35.2 1 1
github.com/debdutsaha/pgcdc/internal/sink/stdout_batch.go:38.91,44.2 2 1
github.com/debdutsaha/pgcdc/internal/sink/stdout_batch.go:47.41,49.2 1 1
github.com/debdutsaha/pgcdc/internal/sink/webhook.go:32.46,39.2 1 1
github.com/debdutsaha/pgcdc/internal/sink/webhook.go:43.81,45.16 2 1
github.com/debdutsaha/pgcdc/internal/sink/webhook.go:45.16,47.3 1 0
github.com/debdutsaha/pgcdc/internal/sink/webhook.go:49.2,50.16 2 1
github.com/debdutsaha/pgcdc/internal/sink/webhook.go:50.16,52.3 1 0
github.com/debdutsaha/pgcdc/internal/sink/webhook.go:54.2,59.16 5 1
github.com/debdutsaha/pgcdc/internal/sink/webhook.go:59.16,61.3 1 1
github.com/debdutsaha/pgcdc/internal/sink/webhook.go:62.2,64.53 2 1
github.com/debdutsaha/pgcdc/internal/sink/webhook.go:64.53,66.3 1 1
github.com/debdutsaha/pgcdc/internal/sink/webhook.go:67.2,67.12 1 1
github.com/debdutsaha/pgcdc/internal/sink/webhook.go:71.37,74.2 2 1
github.com/debdutsaha/pgcdc/internal/sink/webhook_batch.go:36.56,43.2 1 1
github.com/debdutsaha/pgcdc/internal/sink/webhook_batch.go:46.94,48.16 2 1
github.com/debdutsaha/pgcdc/internal/sink/webhook_batch.go:48.16,50.3 1 0
github.com/debdutsaha/pgcdc/internal/sink/webhook_batch.go:52.2,53.16 2 1
github.com/debdutsaha/pgcdc/internal/sink/webhook_batch.go:53.16,55.3 1 0
github.com/debdutsaha/pgcdc/internal/sink/webhook_batch.go:57.2,61.16 4 1
github.com/debdutsaha/pgcdc/internal/sink/webhook_batch.go:61.16,63.3 1 0
github.com/debdutsaha/pgcdc/internal/sink/webhook_batch.go:64.2,66.53 2 1
github.com/debdutsaha/pgcdc/internal/sink/webhook_batch.go:66.53,68.3 1 1
github.com/debdutsaha/pgcdc/internal/sink/webhook_batch.go:69.2,69.12 1 1
github.com/debdutsaha/pgcdc/internal/sink/webhook_batch.go:73.42,76.2 2 1
github.com/debdutsaha/pgcdc/internal/sink/batch.go:61.88,69.2 1 1
github.com/debdutsaha/pgcdc/internal/sink/batch.go:75.79,81.23 2 1
github.com/debdutsaha/pgcdc/internal/sink/batch.go:81.23,83.3 1 1
github.com/debdutsaha/pgcdc/internal/sink/batch.go:85.2,88.24 2 1
github.com/debdutsaha/pgcdc/internal/sink/batch.go:88.24,89.46 1 1
github.com/debdutsaha/pgcdc/internal/sink/batch.go:89.46,95.22 5 1
github.com/debdutsaha/pgcdc/internal/sink/batch.go:95.22,98.65 3 1
github.com/debdutsaha/pgcdc/internal/sink/batch.go:98.65,100.6 1 0
github.com/debdutsaha/pgcdc/internal/sink/batch.go:104.4,104.11 1 1
github.com/debdutsaha/pgcdc/internal/sink/batch.go:105.33,105.33 0 1
github.com/debdutsaha/pgcdc/internal/sink/batch.go:106.12,106.12 0 0
github.com/debdutsaha/pgcdc/internal/sink/batch.go:112.2,112.32 1 1
github.com/debdutsaha/pgcdc/internal/sink/batch.go:112.32,114.21 2 1
github.com/debdutsaha/pgcdc/internal/sink/batch.go:114.21,117.4 2 1
github.com/debdutsaha/pgcdc/internal/sink/batch.go:118.3,121.42 4 1
github.com/debdutsaha/pgcdc/internal/sink/batch.go:124.2,125.12 2 1
github.com/debdutsaha/pgcdc/internal/sink/batch.go:129.35,131.20 2 1
github.com/debdutsaha/pgcdc/internal/sink/batch.go:131.20,134.3 2 1
github.com/debdutsaha/pgcdc/internal/sink/batch.go:135.2,138.20 3 1
github.com/debdutsaha/pgcdc/internal/sink/batch.go:138.20,143.58 5 1
github.com/debdutsaha/pgcdc/internal/sink/batch.go:143.58,145.4 1 0
github.com/debdutsaha/pgcdc/internal/sink/batch.go:147.2,147.24 1 1
github.com/debdutsaha/pgcdc/internal/sink/batch.go:152.57,156.2 3 1
github.com/debdutsaha/pgcdc/internal/sink/dlq.go:53.48,55.16 2 1
github.com/debdutsaha/pgcdc/internal/sink/dlq.go:55.16,57.3 1 0
github.com/debdutsaha/pgcdc/internal/sink/dlq.go:59.2,63.8 1 1
github.com/debdutsaha/pgcdc/internal/sink/dlq.go:75.74,76.62 1 1
github.com/debdutsaha/pgcdc/internal/sink/dlq.go:76.62,87.22 5 1
github.com/debdutsaha/pgcdc/internal/sink/dlq.go:87.22,92.4 2 0
github.com/debdutsaha/pgcdc/internal/sink/dlq.go:94.3,100.13 3 1
github.com/debdutsaha/pgcdc/internal/sink/dlq.go:105.33,109.2 3 1
github.com/debdutsaha/pgcdc/internal/sink/kafka.go:41.75,59.16 3 0
github.com/debdutsaha/pgcdc/internal/sink/kafka.go:59.16,61.3 1 0
github.com/debdutsaha/pgcdc/internal/sink/kafka.go:64.2,64.58 1 0
github.com/debdutsaha/pgcdc/internal/sink/kafka.go:64.58,67.3 2 0
github.com/debdutsaha/pgcdc/internal/sink/kafka.go:68.2,73.8 2 0
github.com/debdutsaha/pgcdc/internal/sink/kafka.go:78.79,87.16 4 0
github.com/debdutsaha/pgcdc/internal/sink/kafka.go:87.16,89.3 1 0
github.com/debdutsaha/pgcdc/internal/sink/kafka.go:95.2,101.42 2 0
github.com/debdutsaha/pgcdc/internal/sink/kafka.go:101.42,103.3 1 0
github.com/debdutsaha/pgcdc/internal/sink/kafka.go:104.2,104.12 1 0
github.com/debdutsaha/pgcdc/internal/sink/kafka.go:108.35,111.2 2 0
github.com/debdutsaha/pgcdc/internal/sink/kafka.go:120.60,123.19 2 1
github.com/debdutsaha/pgcdc/internal/sink/kafka.go:123.19,125.3 1 1
github.com/debdutsaha/pgcdc/internal/sink/kafka.go:127.2,127.19 1 1
github.com/debdutsaha/pgcdc/internal/sink/kafka.go:127.19,128.33 1 1
github.com/debdutsaha/pgcdc/internal/sink/kafka.go:128.33,131.4 2 1
github.com/debdutsaha/pgcdc/internal/sink/kafka.go:135.2,135.78 1 1
github.com/debdutsaha/pgcdc/internal/sink/metrics.go:25.63,27.2 1 1
github.com/debdutsaha/pgcdc/internal/sink/metrics.go:31.81,35.31 2 1
github.com/debdutsaha/pgcdc/internal/sink/metrics.go:35.31,38.3 2 1
github.com/debdutsaha/pgcdc/internal/sink/metrics.go:40.2,48.16 5 1
github.com/debdutsaha/pgcdc/internal/sink/metrics.go:48.16,50.3 1 1
github.com/debdutsaha/pgcdc/internal/sink/metrics.go:51.2,53.12 2 1
github.com/debdutsaha/pgcdc/internal/sink/metrics.go:57.37,59.2 1 1
github.com/debdutsaha/pgcdc/internal/sink/retry.go:43.41,44.28 1 1
github.com/debdutsaha/pgcdc/internal/sink/retry.go:44.28,44.49 1 1
github.com/debdutsaha/pgcdc/internal/sink/retry.go:48.49,49.28 1 1
github.com/debdutsaha/pgcdc/internal/sink/retry.go:49.28,49.47 1 1
github.com/debdutsaha/pgcdc/internal/sink/retry.go:53.48,54.28 1 1
github.com/debdutsaha/pgcdc/internal/sink/retry.go:54.28,54.46 1 1
github.com/debdutsaha/pgcdc/internal/sink/retry.go:59.81,60.28 1 1
github.com/debdutsaha/pgcdc/internal/sink/retry.go:60.28,60.48 1 1
github.com/debdutsaha/pgcdc/internal/sink/retry.go:64.63,70.59 1 1
github.com/debdutsaha/pgcdc/internal/sink/retry.go:70.59,75.4 1 1
github.com/debdutsaha/pgcdc/internal/sink/retry.go:77.2,77.27 1 1
github.com/debdutsaha/pgcdc/internal/sink/retry.go:77.27,79.3 1 1
github.com/debdutsaha/pgcdc/internal/sink/retry.go:80.2,80.10 1 1
github.com/debdutsaha/pgcdc/internal/sink/retry.go:84.79,87.37 2 1
github.com/debdutsaha/pgcdc/internal/sink/retry.go:87.37,89.17 2 1
github.com/debdutsaha/pgcdc/internal/sink/retry.go:89.17,90.19 1 1
github.com/debdutsaha/pgcdc/internal/sink/retry.go:90.19,94.5 2 1
github.com/debdutsaha/pgcdc/internal/sink/retry.go:95.4,95.14 1 1
github.com/debdutsaha/pgcdc/internal/sink/retry.go:98.3,102.23 3 1
github.com/debdutsaha/pgcdc/internal/sink/retry.go:102.23,104.4 1 0
github.com/debdutsaha/pgcdc/internal/sink/retry.go:109.3,110.25 2 1
github.com/debdutsaha/pgcdc/internal/sink/retry.go:110.25,112.4 1 0
github.com/debdutsaha/pgcdc/internal/sink/retry.go:113.3,119.10 4 1
github.com/debdutsaha/pgcdc/internal/sink/retry.go:120.28,120.28 0 1
github.com/debdutsaha/pgcdc/internal/sink/retry.go:122.21,123.75 1 1
github.com/debdutsaha/pgcdc/internal/sink/retry.go:128.2,129.36 2 1
github.com/debdutsaha/pgcdc/internal/sink/retry.go:133.35,135.2 1 1
github.com/debdutsaha/pgcdc/internal/sink/stdout.go:26.34,30.2 1 1
github.com/debdutsaha/pgcdc/internal/sink/stdout.go:33.78,35.2 1 1
github.com/debdutsaha/pgcdc/internal/sink/stdout.go:38.36,40.2 1 1
github.com/debdutsaha/pgcdc/internal/sink/stdout_batch.go:31.44,35.2 1 1
github.com/debdutsaha/pgcdc/internal/sink/stdout_batch.go:38.91,44.2 2 1
github.com/debdutsaha/pgcdc/internal/sink/stdout_batch.go:47.41,49.2 1 1
github.com/debdutsaha/pgcdc/internal/sink/webhook.go:32.46,39.2 1 1
github.com/debdutsaha/pgcdc/internal/sink/webhook.go:43.81,45.16 2 1
github.com/debdutsaha/pgcdc/internal/sink/webhook.go:45.16,47.3 1 0
github.com/debdutsaha/pgcdc/internal/sink/webhook.go:49.2,50.16 2 1
github.com/debdutsaha/pgcdc/internal/sink/webhook.go:50.16,52.3 1 0
github.com/debdutsaha/pgcdc/internal/sink/webhook.go:54.2,59.16 5 1
github.com/debdutsaha/pgcdc/internal/sink/webhook.go:59.16,61.3 1 1
github.com/debdutsaha/pgcdc/internal/sink/webhook.go:62.2,64.53 2 1
github.com/debdutsaha/pgcdc/internal/sink/webhook.go:64.53,66.3 1 1
github.com/debdutsaha/pgcdc/internal/sink/webhook.go:67.2,67.12 1 1
github.com/debdutsaha/pgcdc/internal/sink/webhook.go:71.37,74.2 2 1
github.com/debdutsaha/pgcdc/internal/sink/webhook_batch.go:36.56,43.2 1 1
github.com/debdutsaha/pgcdc/internal/sink/webhook_batch.go:46.94,48.16 2 1
github.com/debdutsaha/pgcdc/internal/sink/webhook_batch.go:48.16,50.3 1 0
github.com/debdutsaha/pgcdc/internal/sink/webhook_batch.go:52.2,53.16 2 1
github.com/debdutsaha/pgcdc/internal/sink/webhook_batch.go:53.16,55.3 1 0
github.com/debdutsaha/pgcdc/internal/sink/webhook_batch.go:57.2,61.16 4 1
github.com/debdutsaha/pgcdc/internal/sink/webhook_batch.go:61.16,63.3 1 0
github.com/debdutsaha/pgcdc/internal/sink/webhook_batch.go:64.2,66.53 2 1
github.com/debdutsaha/pgcdc/internal/sink/webhook_batch.go:66.53,68.3 1 1
github.com/debdutsaha/pgcdc/internal/sink/webhook_batch.go:69.2,69.12 1 1
github.com/debdutsaha/pgcdc/internal/sink/webhook_batch.go:73.42,76.2 2 1
github.com/debdutsaha/pgcdc/internal/cdc/filter.go:39.47,42.18 2 1
github.com/debdutsaha/pgcdc/internal/cdc/filter.go:42.18,44.48 2 1
github.com/debdutsaha/pgcdc/internal/cdc/filter.go:44.48,46.15 2 1
github.com/debdutsaha/pgcdc/internal/cdc/filter.go:46.15,48.5 1 1
github.com/debdutsaha/pgcdc/internal/cdc/filter.go:52.2,52.19 1 1
github.com/debdutsaha/pgcdc/internal/cdc/filter.go:52.19,54.49 2 1
github.com/debdutsaha/pgcdc/internal/cdc/filter.go:54.49,56.15 2 1
github.com/debdutsaha/pgcdc/internal/cdc/filter.go:56.15,58.5 1 1
github.com/debdutsaha/pgcdc/internal/cdc/filter.go:62.2,62.10 1 1
github.com/debdutsaha/pgcdc/internal/cdc/filter.go:66.47,68.24 1 1
github.com/debdutsaha/pgcdc/internal/cdc/filter.go:68.24,69.44 1 1
github.com/debdutsaha/pgcdc/internal/cdc/filter.go:69.44,71.4 1 1
github.com/debdutsaha/pgcdc/internal/cdc/filter.go:75.2,75.23 1 1
github.com/debdutsaha/pgcdc/internal/cdc/filter.go:75.23,82.37 5 1
github.com/debdutsaha/pgcdc/internal/cdc/filter.go:82.37,84.4 1 1
github.com/debdutsaha/pgcdc/internal/cdc/filter.go:87.2,87.13 1 1
github.com/debdutsaha/pgcdc/internal/cdc/filter.go:92.38,93.24 1 1
github.com/debdutsaha/pgcdc/internal/cdc/filter.go:93.24,95.3 1 1
github.com/debdutsaha/pgcdc/internal/cdc/filter.go:96.2,97.26 2 1
github.com/debdutsaha/pgcdc/internal/cdc/filter.go:97.26,99.3 1 1
github.com/debdutsaha/pgcdc/internal/cdc/filter.go:100.2,100.15 1 1
github.com/debdutsaha/pgcdc/internal/cdc/snapshot.go:43.111,49.2 1 1
github.com/debdutsaha/pgcdc/internal/cdc/snapshot.go:53.77,54.24 1 1
github.com/debdutsaha/pgcdc/internal/cdc/snapshot.go:54.24,56.3 1 1
github.com/debdutsaha/pgcdc/internal/cdc/snapshot.go:59.2,60.16 2 0
github.com/debdutsaha/pgcdc/internal/cdc/snapshot.go:60.16,62.3 1 0
github.com/debdutsaha/pgcdc/internal/cdc/snapshot.go:63.2,78.16 3 0
github.com/debdutsaha/pgcdc/internal/cdc/snapshot.go:78.16,80.3 1 0
github.com/debdutsaha/pgcdc/internal/cdc/snapshot.go:81.2,87.16 4 0
github.com/debdutsaha/pgcdc/internal/cdc/snapshot.go:87.16,89.3 1 0
github.com/debdutsaha/pgcdc/internal/cdc/snapshot.go:90.2,93.33 2 0
github.com/debdutsaha/pgcdc/internal/cdc/snapshot.go:93.33,95.17 2 0
github.com/debdutsaha/pgcdc/internal/cdc/snapshot.go:95.17,97.4 1 0
github.com/debdutsaha/pgcdc/internal/cdc/snapshot.go:98.3,98.55 1 0
github.com/debdutsaha/pgcdc/internal/cdc/snapshot.go:103.2,103.39 1 0
github.com/debdutsaha/pgcdc/internal/cdc/snapshot.go:103.39,105.3 1 0
github.com/debdutsaha/pgcdc/internal/cdc/snapshot.go:107.2,107.17 1 0
github.com/debdutsaha/pgcdc/internal/cdc/snapshot.go:111.95,127.16 2 0
github.com/debdutsaha/pgcdc/internal/cdc/snapshot.go:127.16,129.3 1 0
github.com/debdutsaha/pgcdc/internal/cdc/snapshot.go:131.2,132.21 2 0
github.com/debdutsaha/pgcdc/internal/cdc/snapshot.go:132.21,134.44 2 0
github.com/debdutsaha/pgcdc/internal/cdc/snapshot.go:134.44,137.4 2 0
github.com/debdutsaha/pgcdc/internal/cdc/snapshot.go:138.3,138.33 1 0
github.com/debdutsaha/pgcdc/internal/cdc/snapshot.go:140.2,141.38 2 0
github.com/debdutsaha/pgcdc/internal/cdc/snapshot.go:141.38,143.3 1 0
github.com/debdutsaha/pgcdc/internal/cdc/snapshot.go:145.2,145.23 1 0
github.com/debdutsaha/pgcdc/internal/cdc/snapshot.go:145.23,147.3 1 0
github.com/debdutsaha/pgcdc/internal/cdc/snapshot.go:154.2,155.16 2 0
github.com/debdutsaha/pgcdc/internal/cdc/snapshot.go:155.16,157.3 1 0
github.com/debdutsaha/pgcdc/internal/cdc/snapshot.go:158.2,163.18 4 0
github.com/debdutsaha/pgcdc/internal/cdc/snapshot.go:163.18,166.17 2 0
github.com/debdutsaha/pgcdc/internal/cdc/snapshot.go:166.17,168.4 1 0
github.com/debdutsaha/pgcdc/internal/cdc/snapshot.go:171.3,172.31 2 0
github.com/debdutsaha/pgcdc/internal/cdc/snapshot.go:172.31,173.23 1 0
github.com/debdutsaha/pgcdc/internal/cdc/snapshot.go:173.23,175.5 1 0
github.com/debdutsaha/pgcdc/internal/cdc/snapshot.go:178.3,188.47 2 0
github.com/debdutsaha/pgcdc/internal/cdc/snapshot.go:188.47,190.4 1 0
github.com/debdutsaha/pgcdc/internal/cdc/snapshot.go:191.3,192.57 2 0
github.com/debdutsaha/pgcdc/internal/cdc/snapshot.go:195.2,195.26 1 0
github.com/debdutsaha/pgcdc/internal/cdc/snapshot.go:200.37,202.2 1 1
github.com/debdutsaha/pgcdc/internal/cdc/stream.go:62.142,67.36 2 1
github.com/debdutsaha/pgcdc/internal/cdc/stream.go:67.36,69.3 1 1
github.com/debdutsaha/pgcdc/internal/cdc/stream.go:71.2,80.3 1 1
github.com/debdutsaha/pgcdc/internal/cdc/stream.go:86.42,88.2 1 1
github.com/debdutsaha/pgcdc/internal/cdc/stream.go:98.49,101.16 2 0
github.com/debdutsaha/pgcdc/internal/cdc/stream.go:101.16,103.3 1 0
github.com/debdutsaha/pgcdc/internal/cdc/stream.go:104.2,109.16 4 0
github.com/debdutsaha/pgcdc/internal/cdc/stream.go:109.16,111.3 1 0
github.com/debdutsaha/pgcdc/internal/cdc/stream.go:112.2,116.49 2 0
github.com/debdutsaha/pgcdc/internal/cdc/stream.go:116.49,118.3 1 0
github.com/debdutsaha/pgcdc/internal/cdc/stream.go:121.2,122.16 2 0
github.com/debdutsaha/pgcdc/internal/cdc/stream.go:122.16,124.3 1 0
github.com/debdutsaha/pgcdc/internal/cdc/stream.go:128.2,128.30 1 0
github.com/debdutsaha/pgcdc/internal/cdc/stream.go:128.30,130.17 2 0
github.com/debdutsaha/pgcdc/internal/cdc/stream.go:130.17,132.4 1 0
github.com/debdutsaha/pgcdc/internal/cdc/stream.go:133.3,134.74 2 0
github.com/debdutsaha/pgcdc/internal/cdc/stream.go:135.8,137.3 1 0
github.com/debdutsaha/pgcdc/internal/cdc/stream.go:140.2,148.16 2 0
github.com/debdutsaha/pgcdc/internal/cdc/stream.go:148.16,150.3 1 0
github.com/debdutsaha/pgcdc/internal/cdc/stream.go:151.2,154.33 2 0
github.com/debdutsaha/pgcdc/internal/cdc/stream.go:158.78,168.15 2 0
github.com/debdutsaha/pgcdc/internal/cdc/stream.go:168.15,169.37 1 0
github.com/debdutsaha/pgcdc/internal/cdc/stream.go:169.37,173.67 3 0
github.com/debdutsaha/pgcdc/internal/cdc/stream.go:173.67,175.5 1 0
github.com/debdutsaha/pgcdc/internal/cdc/stream.go:175.10,177.5 1 0
github.com/debdutsaha/pgcdc/internal/cdc/stream.go:181.2,181.6 1 0
github.com/debdutsaha/pgcdc/internal/cdc/stream.go:181.6,182.23 1 0
github.com/debdutsaha/pgcdc/internal/cdc/stream.go:182.23,184.4 1 0
github.com/debdutsaha/pgcdc/internal/cdc/stream.go:187.3,187.70 1 0
github.com/debdutsaha/pgcdc/internal/cdc/stream.go:187.70,188.64 1 0
github.com/debdutsaha/pgcdc/internal/cdc/stream.go:188.64,190.5 1 0
github.com/debdutsaha/pgcdc/internal/cdc/stream.go:191.4,193.45 3 0
github.com/debdutsaha/pgcdc/internal/cdc/stream.go:197.3,201.17 4 0
github.com/debdutsaha/pgcdc/internal/cdc/stream.go:201.17,202.27 1 0
github.com/debdutsaha/pgcdc/internal/cdc/stream.go:202.27,203.13 1 0
github.com/debdutsaha/pgcdc/internal/cdc/stream.go:205.4,205.24 1 0
github.com/debdutsaha/pgcdc/internal/cdc/stream.go:205.24,207.5 1 0
github.com/debdutsaha/pgcdc/internal/cdc/stream.go:208.4,208.41 1 0
github.com/debdutsaha/pgcdc/internal/cdc/stream.go:211.3,212.10 2 0
github.com/debdutsaha/pgcdc/internal/cdc/stream.go:212.10,213.12 1 0
github.com/debdutsaha/pgcdc/internal/cdc/stream.go:216.3,216.27 1 0
github.com/debdutsaha/pgcdc/internal/cdc/stream.go:217.48,219.18 2 0
github.com/debdutsaha/pgcdc/internal/cdc/stream.go:219.18,221.5 1 0
github.com/debdutsaha/pgcdc/internal/cdc/stream.go:222.4,222.32 1 0
github.com/debdutsaha/pgcdc/internal/cdc/stream.go:222.32,223.65 1 0
github.com/debdutsaha/pgcdc/internal/cdc/stream.go:223.65,225.6 1 0
github.com/debdutsaha/pgcdc/internal/cdc/stream.go:228.33,230.18 2 0
github.com/debdutsaha/pgcdc/internal/cdc/stream.go:230.18,232.5 1 0
github.com/debdutsaha/pgcdc/internal/cdc/stream.go:233.4,235.58 2 0
github.com/debdutsaha/pgcdc/internal/cdc/stream.go:235.58,237.5 1 0
github.com/debdutsaha/pgcdc/internal/cdc/stream.go:243.89,245.16 2 0
github.com/debdutsaha/pgcdc/internal/cdc/stream.go:245.16,247.3 1 0
github.com/debdutsaha/pgcdc/internal/cdc/stream.go:249.2,249.25 1 0
github.com/debdutsaha/pgcdc/internal/cdc/stream.go:250.31,253.37 2 0
github.com/debdutsaha/pgcdc/internal/cdc/stream.go:255.32,258.36 2 0
github.com/debdutsaha/pgcdc/internal/cdc/stream.go:260.34,263.32 1 0
github.com/debdutsaha/pgcdc/internal/cdc/stream.go:265.32,267.10 2 0
github.com/debdutsaha/pgcdc/internal/cdc/stream.go:267.10,269.4 1 0
github.com/debdutsaha/pgcdc/internal/cdc/stream.go:270.3,279.54 2 0
github.com/debdutsaha/pgcdc/internal/cdc/stream.go:279.54,281.4 1 0
github.com/debdutsaha/pgcdc/internal/cdc/stream.go:283.32,285.10 2 0
github.com/debdutsaha/pgcdc/internal/cdc/stream.go:285.10,287.4 1 0
github.com/debdutsaha/pgcdc/internal/cdc/stream.go:288.3,297.24 2 0
github.com/debdutsaha/pgcdc/internal/cdc/stream.go:297.24,299.4 1 0
github.com/debdutsaha/pgcdc/internal/cdc/stream.go:300.3,300.54 1 0
github.com/debdutsaha/pgcdc/internal/cdc/stream.go:300.54,302.4 1 0
github.com/debdutsaha/pgcdc/internal/cdc/stream.go:304.32,306.10 2 0
github.com/debdutsaha/pgcdc/internal/cdc/stream.go:306.10,308.4 1 0
github.com/debdutsaha/pgcdc/internal/cdc/stream.go:309.3,318.54 2 0
github.com/debdutsaha/pgcdc/internal/cdc/stream.go:318.54,320.4 1 0
github.com/debdutsaha/pgcdc/internal/cdc/stream.go:322.34,325.80 1 0
github.com/debdutsaha/pgcdc/internal/cdc/stream.go:328.2,328.12 1 0
github.com/debdutsaha/pgcdc/internal/cdc/stream.go:332.105,333.18 1 1
github.com/debdutsaha/pgcdc/internal/cdc/stream.go:333.18,335.3 1 1
github.com/debdutsaha/pgcdc/internal/cdc/stream.go:336.2,337.36 2 1
github.com/debdutsaha/pgcdc/internal/cdc/stream.go:337.36,339.23 2 1
github.com/debdutsaha/pgcdc/internal/cdc/stream.go:340.12,341.29 1 1
github.com/debdutsaha/pgcdc/internal/cdc/stream.go:342.12,342.12 0 1
github.com/debdutsaha/pgcdc/internal/cdc/stream.go:346.12,348.18 2 1
github.com/debdutsaha/pgcdc/internal/cdc/stream.go:348.18,350.5 1 0
github.com/debdutsaha/pgcdc/internal/cdc/stream.go:350.10,352.5 1 1
github.com/debdutsaha/pgcdc/internal/cdc/stream.go:353.12,355.18 2 1
github.com/debdutsaha/pgcdc/internal/cdc/stream.go:355.18,357.5 1 1
github.com/debdutsaha/pgcdc/internal/cdc/stream.go:357.10,359.5 1 1
github.com/debdutsaha/pgcdc/internal/cdc/stream.go:362.2,362.15 1 1
github.com/debdutsaha/pgcdc/internal/cdc/stream.go:366.73,368.9 2 1
github.com/debdutsaha/pgcdc/internal/cdc/stream.go:368.9,370.3 1 1
github.com/debdutsaha/pgcdc/internal/cdc/stream.go:371.2,371.75 1 1
github.com/debdutsaha/pgcdc/internal/cdc/stream.go:375.75,377.9 2 1
github.com/debdutsaha/pgcdc/internal/cdc/stream.go:377.9,379.3 1 1
github.com/debdutsaha/pgcdc/internal/cdc/stream.go:380.2,380.77 1 1
github.com/debdutsaha/pgcdc/internal/cdc/stream.go:384.79,385.28 1 1
github.com/debdutsaha/pgcdc/internal/cdc/stream.go:385.28,387.3 1 1
github.com/debdutsaha/pgcdc/internal/cdc/stream.go:388.2,388.46 1 1
github.com/debdutsaha/pgcdc/internal/cdc/stream.go:388.46,390.3 1 1
github.com/debdutsaha/pgcdc/internal/cdc/stream.go:391.2,391.12 1 1
github.com/debdutsaha/pgcdc/internal/cdc/stream.go:395.93,403.2 1 0
github.com/debdutsaha/pgcdc/internal/cdc/stream.go:406.63,408.16 2 0
github.com/debdutsaha/pgcdc/internal/cdc/stream.go:408.16,410.3 1 0
github.com/debdutsaha/pgcdc/internal/cdc/stream.go:411.2,418.19 4 0
github.com/debdutsaha/pgcdc/internal/cdc/stream.go:418.19,420.3 1 0
github.com/debdutsaha/pgcdc/internal/cdc/stream.go:422.2,422.23 1 0
github.com/debdutsaha/pgcdc/internal/cdc/stream.go:422.23,428.54 2 0
github.com/debdutsaha/pgcdc/internal/cdc/stream.go:428.54,430.4 1 0
github.com/debdutsaha/pgcdc/internal/cdc/stream.go:430.9,432.4 1 0
github.com/debdutsaha/pgcdc/internal/cdc/stream.go:434.3,435.43 2 0
github.com/debdutsaha/pgcdc/internal/cdc/stream.go:435.43,437.4 1 0
github.com/debdutsaha/pgcdc/internal/cdc/stream.go:438.3,438.67 1 0
github.com/debdutsaha/pgcdc/internal/cdc/stream.go:439.8,441.3 1 0
github.com/debdutsaha/pgcdc/internal/cdc/stream.go:442.2,442.12 1 0
github.com/debdutsaha/pgcdc/internal/cdc/stream.go:446.94,451.16 2 0
github.com/debdutsaha/pgcdc/internal/cdc/stream.go:451.16,454.23 2 0
github.com/debdutsaha/pgcdc/internal/cdc/stream.go:454.23,456.4 1 0
github.com/debdutsaha/pgcdc/internal/cdc/stream.go:457.3,458.18 2 0
github.com/debdutsaha/pgcdc/internal/cdc/stream.go:461.2,463.17 3 0
github.com/debdutsaha/pgcdc/internal/cdc/stream.go:467.73,469.16 2 0
github.com/debdutsaha/pgcdc/internal/cdc/stream.go:469.16,471.3 1 0
github.com/debdutsaha/pgcdc/internal/cdc/stream.go:472.2,479.19 4 0
github.com/debdutsaha/pgcdc/internal/cdc/stream.go:479.19,481.3 1 0
github.com/debdutsaha/pgcdc/internal/cdc/stream.go:482.2,482.23 1 0
github.com/debdutsaha/pgcdc/internal/cdc/stream.go:482.23,484.3 1 0
github.com/debdutsaha/pgcdc/internal/cdc/stream.go:485.2,485.50 1 0
github.com/debdutsaha/pgcdc/internal/cdc/filter.go:39.47,42.18 2 1
github.com/debdutsaha/pgcdc/internal/cdc/filter.go:42.18,44.48 2 1
github.com/debdutsaha/pgcdc/internal/cdc/filter.go:44.48,46.15 2 1
github.com/debdutsaha/pgcdc/internal/cdc/filter.go:46.15,48.5 1 1
github.com/debdutsaha/pgcdc/internal/cdc/filter.go:52.2,52.19 1 1
github.com/debdutsaha/pgcdc/internal/cdc/filter.go:52.19,54.49 2 1
github.com/debdutsaha/pgcdc/internal/cdc/filter.go:54.49,56.15 2 1
github.com/debdutsaha/pgcdc/internal/cdc/filter.go:56.15,58.5 1 1
github.com/debdutsaha/pgcdc/internal/cdc/filter.go:62.2,62.10 1 1
github.com/debdutsaha/pgcdc/internal/cdc/filter.go:66.47,68.24 1 1
github.com/debdutsaha/pgcdc/internal/cdc/filter.go:68.24,69.44 1 1
github.com/debdutsaha/pgcdc/internal/cdc/filter.go:69.44,71.4 1 1
github.com/debdutsaha/pgcdc/internal/cdc/filter.go:75.2,75.23 1 1
github.com/debdutsaha/pgcdc/internal/cdc/filter.go:75.23,82.37 5 1
github.com/debdutsaha/pgcdc/internal/cdc/filter.go:82.37,84.4 1 1
github.com/debdutsaha/pgcdc/internal/cdc/filter.go:87.2,87.13 1 1
github.com/debdutsaha/pgcdc/internal/cdc/filter.go:92.38,93.24 1 1
github.com/debdutsaha/pgcdc/internal/cdc/filter.go:93.24,95.3 1 1
github.com/debdutsaha/pgcdc/internal/cdc/filter.go:96.2,97.26 2 1
github.com/debdutsaha/pgcdc/internal/cdc/filter.go:97.26,99.3 1 1
github.com/debdutsaha/pgcdc/internal/cdc/filter.go:100.2,100.15 1 1
github.com/debdutsaha/pgcdc/internal/cdc/snapshot.go:43.111,49.2 1 1
github.com/debdutsaha/pgcdc/internal/cdc/snapshot.go:53.77,54.24 1 1
github.com/debdutsaha/pgcdc/internal/cdc/snapshot.go:54.24,56.3 1 1
github.com/debdutsaha/pgcdc/internal/cdc/snapshot.go:59.2,60.16 2 0
github.com/debdutsaha/pgcdc/internal/cdc/snapshot.go:60.16,62.3 1 0
github.com/debdutsaha/pgcdc/internal/cdc/snapshot.go:63.2,78.16 3 0
github.com/debdutsaha/pgcdc/internal/cdc/snapshot.go:78.16,80.3 1 0
github.com/debdutsaha/pgcdc/internal/cdc/snapshot.go:81.2,87.16 4 0
github.com/debdutsaha/pgcdc/internal/cdc/snapshot.go:87.16,89.3 1 0
github.com/debdutsaha/pgcdc/internal/cdc/snapshot.go:90.2,93.33 2 0
github.com/debdutsaha/pgcdc/internal/cdc/snapshot.go:93.33,95.17 2 0
github.com/debdutsaha/pgcdc/internal/cdc/snapshot.go:95.17,97.4 1 0
github.com/debdutsaha/pgcdc/internal/cdc/snapshot.go:98.3,98.55 1 0
github.com/debdutsaha/pgcdc/internal/cdc/snapshot.go:103.2,103.39 1 0
github.com/debdutsaha/pgcdc/internal/cdc/snapshot.go:103.39,105.3 1 0
github.com/debdutsaha/pgcdc/internal/cdc/snapshot.go:107.2,107.17 1 0
github.com/debdutsaha/pgcdc/internal/cdc/snapshot.go:111.95,127.16 2 0
github.com/debdutsaha/pgcdc/internal/cdc/snapshot.go:127.16,129.3 1 0
github.com/debdutsaha/pgcdc/internal/cdc/snapshot.go:131.2,132.21 2 0
github.com/debdutsaha/pgcdc/internal/cdc/snapshot.go:132.21,134.44 2 0
github.com/debdutsaha/pgcdc/internal/cdc/snapshot.go:134.44,137.4 2 0
github.com/debdutsaha/pgcdc/internal/cdc/snapshot.go:138.3,138.33 1 0
github.com/debdutsaha/pgcdc/internal/cdc/snapshot.go:140.2,141.38 2 0
github.com/debdutsaha/pgcdc/internal/cdc/snapshot.go:141.38,143.3 1 0
github.com/debdutsaha/pgcdc/internal/cdc/snapshot.go:145.2,145.23 1 0
github.com/debdutsaha/pgcdc/internal/cdc/snapshot.go:145.23,147.3 1 0
github.com/debdutsaha/pgcdc/internal/cdc/snapshot.go:154.2,155.16 2 0
github.com/debdutsaha/pgcdc/internal/cdc/snapshot.go:155.16,157.3 1 0
github.com/debdutsaha/pgcdc/internal/cdc/snapshot.go:158.2,163.18 4 0
github.com/debdutsaha/pgcdc/internal/cdc/snapshot.go:163.18,166.17 2 0
github.com/debdutsaha/pgcdc/internal/cdc/snapshot.go:166.17,168.4 1 0
github.com/debdutsaha/pgcdc/internal/cdc/snapshot.go:171.3,172.31 2 0
github.com/debdutsaha/pgcdc/internal/cdc/snapshot.go:172.31,173.23 1 0
github.com/debdutsaha/pgcdc/internal/cdc/snapshot.go:173.23,175.5 1 0
github.com/debdutsaha/pgcdc/internal/cdc/snapshot.go:178.3,188.47 2 0
github.com/debdutsaha/pgcdc/internal/cdc/snapshot.go:188.47,190.4 1 0
github.com/debdutsaha/pgcdc/internal/cdc/snapshot.go:191.3,192.57 2 0
github.com/debdutsaha/pgcdc/internal/cdc/snapshot.go:195.2,195.26 1 0
github.com/debdutsaha/pgcdc/internal/cdc/snapshot.go:200.37,202.2 1 1
github.com/debdutsaha/pgcdc/internal/cdc/stream.go:62.142,67.36 2 1
github.com/debdutsaha/pgcdc/internal/cdc/stream.go:67.36,69.3 1 1
github.com/debdutsaha/pgcdc/internal/cdc/stream.go:71.2,80.3 1 1
github.com/debdutsaha/pgcdc/internal/cdc/stream.go:86.42,88.2 1 1
github.com/debdutsaha/pgcdc/internal/cdc/stream.go:98.49,101.16 2 0
github.com/debdutsaha/pgcdc/internal/cdc/stream.go:101.16,103.3 1 0
github.com/debdutsaha/pgcdc/internal/cdc/stream.go:104.2,109.16 4 0
github.com/debdutsaha/pgcdc/internal/cdc/stream.go:109.16,111.3 1 0
github.com/debdutsaha/pgcdc/internal/cdc/stream.go:112.2,116.49 2 0
github.com/debdutsaha/pgcdc/internal/cdc/stream.go:116.49,118.3 1 0
github.com/debdutsaha/pgcdc/internal/cdc/stream.go:121.2,122.16 2 0
github.com/debdutsaha/pgcdc/internal/cdc/stream.go:122.16,124.3 1 0
github.com/debdutsaha/pgcdc/internal/cdc/stream.go:128.2,128.30 1 0
github.com/debdutsaha/pgcdc/internal/cdc/stream.go:128.30,130.17 2 0
github.com/debdutsaha/pgcdc/internal/cdc/stream.go:130.17,132.4 1 0
github.com/debdutsaha/pgcdc/internal/cdc/stream.go:133.3,134.74 2 0
github.com/debdutsaha/pgcdc/internal/cdc/stream.go:135.8,137.3 1 0
github.com/debdutsaha/pgcdc/internal/cdc/stream.go:140.2,148.16 2 0
github.com/debdutsaha/pgcdc/internal/cdc/stream.go:148.16,150.3 1 0
github.com/debdutsaha/pgcdc/internal/cdc/stream.go:151.2,154.33 2 0
github.com/debdutsaha/pgcdc/internal/cdc/stream.go:158.78,168.15 2 0
github.com/debdutsaha/pgcdc/internal/cdc/stream.go:168.15,169.37 1 0
github.com/debdutsaha/pgcdc/internal/cdc/stream.go:169.37,173.67 3 0
github.com/debdutsaha/pgcdc/internal/cdc/stream.go:173.67,175.5 1 0
github.com/debdutsaha/pgcdc/internal/cdc/stream.go:175.10,177.5 1 0
github.com/debdutsaha/pgcdc/internal/cdc/stream.go:181.2,181.6 1 0
github.com/debdutsaha/pgcdc/internal/cdc/stream.go:181.6,182.23 1 0
github.com/debdutsaha/pgcdc/internal/cdc/stream.go:182.23,184.4 1 0
github.com/debdutsaha/pgcdc/internal/cdc/stream.go:187.3,187.70 1 0
github.com/debdutsaha/pgcdc/internal/cdc/stream.go:187.70,188.64 1 0
github.com/debdutsaha/pgcdc/internal/cdc/stream.go:188.64,190.5 1 0
github.com/debdutsaha/pgcdc/internal/cdc/stream.go:191.4,193.45 3 0
github.com/debdutsaha/pgcdc/internal/cdc/stream.go:197.3,201.17 4 0
github.com/debdutsaha/pgcdc/internal/cdc/stream.go:201.17,202.27 1 0
github.com/debdutsaha/pgcdc/internal/cdc/stream.go:202.27,203.13 1 0
github.com/debdutsaha/pgcdc/internal/cdc/stream.go:205.4,205.24 1 0
github.com/debdutsaha/pgcdc/internal/cdc/stream.go:205.24,207.5 1 0
github.com/debdutsaha/pgcdc/internal/cdc/stream.go:208.4,208.41 1 0
github.com/debdutsaha/pgcdc/internal/cdc/stream.go:211.3,212.10 2 0
github.com/debdutsaha/pgcdc/internal/cdc/stream.go:212.10,213.12 1 0
github.com/debdutsaha/pgcdc/internal/cdc/stream.go:216.3,216.27 1 0
github.com/debdutsaha/pgcdc/internal/cdc/stream.go:217.48,219.18 2 0
github.com/debdutsaha/pgcdc/internal/cdc/stream.go:219.18,221.5 1 0
github.com/debdutsaha/pgcdc/internal/cdc/stream.go:222.4,222.32 1 0
github.com/debdutsaha/pgcdc/internal/cdc/stream.go:222.32,223.65 1 0
github.com/debdutsaha/pgcdc/internal/cdc/stream.go:223.65,225.6 1 0
github.com/debdutsaha/pgcdc/internal/cdc/stream.go:228.33,230.18 2 0
github.com/debdutsaha/pgcdc/internal/cdc/stream.go:230.18,232.5 1 0
github.com/debdutsaha/pgcdc/internal/cdc/stream.go:233.4,235.58 2 0
github.com/debdutsaha/pgcdc/internal/cdc/stream.go:235.58,237.5 1 0
github.com/debdutsaha/pgcdc/internal/cdc/stream.go:243.89,245.16 2 0
github.com/debdutsaha/pgcdc/internal/cdc/stream.go:245.16,247.3 1 0
github.com/debdutsaha/pgcdc/internal/cdc/stream.go:249.2,249.25 1 0
github.com/debdutsaha/pgcdc/internal/cdc/stream.go:250.31,253.37 2 0
github.com/debdutsaha/pgcdc/internal/cdc/stream.go:255.32,258.36 2 0
github.com/debdutsaha/pgcdc/internal/cdc/stream.go:260.34,263.32 1 0
github.com/debdutsaha/pgcdc/internal/cdc/stream.go:265.32,267.10 2 0
github.com/debdutsaha/pgcdc/internal/cdc/stream.go:267.10,269.4 1 0
github.com/debdutsaha/pgcdc/internal/cdc/stream.go:270.3,279.54 2 0
github.com/debdutsaha/pgcdc/internal/cdc/stream.go:279.54,281.4 1 0
github.com/debdutsaha/pgcdc/internal/cdc/stream.go:283.32,285.10 2 0
github.com/debdutsaha/pgcdc/internal/cdc/stream.go:285.10,287.4 1 0
github.com/debdutsaha/pgcdc/internal/cdc/stream.go:288.3,297.24 2 0
github.com/debdutsaha/pgcdc/internal/cdc/stream.go:297.24,299.4 1 0
github.com/debdutsaha/pgcdc/internal/cdc/stream.go:300.3,300.54 1 0
github.com/debdutsaha/pgcdc/internal/cdc/stream.go:300.54,302.4 1 0
github.com/debdutsaha/pgcdc/internal/cdc/stream.go:304.32,306.10 2 0
github.com/debdutsaha/pgcdc/internal/cdc/stream.go:306.10,308.4 1 0
github.com/debdutsaha/pgcdc/internal/cdc/stream.go:309.3,318.54 2 0
github.com/debdutsaha/pgcdc/internal/cdc/stream.go:318.54,320.4 1 0
github.com/debdutsaha/pgcdc/internal/cdc/stream.go:322.34,325.80 1 0
github.com/debdutsaha/pgcdc/internal/cdc/stream.go:328.2,328.12 1 0
github.com/debdutsaha/pgcdc/internal/cdc/stream.go:332.105,333.18 1 1
github.com/debdutsaha/pgcdc/internal/cdc/stream.go:333.18,335.3 1 1
github.com/debdutsaha/pgcdc/internal/cdc/stream.go:336.2,337.36 2 1
github.com/debdutsaha/pgcdc/internal/cdc/stream.go:337.36,339.23 2 1
github.com/debdutsaha/pgcdc/internal/cdc/stream.go:340.12,341.29 1 1
github.com/debdutsaha/pgcdc/internal/cdc/stream.go:342.12,342.12 0 1
github.com/debdutsaha/pgcdc/internal/cdc/stream.go:346.12,348.18 2 1
github.com/debdutsaha/pgcdc/internal/cdc/stream.go:348.18,350.5 1 0
github.com/debdutsaha/pgcdc/internal/cdc/stream.go:350.10,352.5 1 1
github.com/debdutsaha/pgcdc/internal/cdc/stream.go:353.12,355.18 2 1
github.com/debdutsaha/pgcdc/internal/cdc/stream.go:355.18,357.5 1 1
github.com/debdutsaha/pgcdc/internal/cdc/stream.go:357.10,359.5 1 1
github.com/debdutsaha/pgcdc/internal/cdc/stream.go:362.2,362.15 1 1
github.com/debdutsaha/pgcdc/internal/cdc/stream.go:366.73,368.9 2 1
github.com/debdutsaha/pgcdc/internal/cdc/stream.go:368.9,370.3 1 1
github.com/debdutsaha/pgcdc/internal/cdc/stream.go:371.2,371.75 1 1
github.com/debdutsaha/pgcdc/internal/cdc/stream.go:375.75,377.9 2 1
github.com/debdutsaha/pgcdc/internal/cdc/stream.go:377.9,379.3 1 1
github.com/debdutsaha/pgcdc/internal/cdc/stream.go:380.2,380.77 1 1
github.com/debdutsaha/pgcdc/internal/cdc/stream.go:384.79,385.28 1 1
github.com/debdutsaha/pgcdc/internal/cdc/stream.go:385.28,387.3 1 1
github.com/debdutsaha/pgcdc/internal/cdc/stream.go:388.2,388.46 1 1
github.com/debdutsaha/pgcdc/internal/cdc/stream.go:388.46,390.3 1 1
github.com/debdutsaha/pgcdc/internal/cdc/stream.go:391.2,391.12 1 1
github.com/debdutsaha/pgcdc/internal/cdc/stream.go:395.93,403.2 1 0
github.com/debdutsaha/pgcdc/internal/cdc/stream.go:406.63,408.16 2 0
github.com/debdutsaha/pgcdc/internal/cdc/stream.go:408.16,410.3 1 0
github.com/debdutsaha/pgcdc/internal/cdc/stream.go:411.2,418.19 4 0
github.com/debdutsaha/pgcdc/internal/cdc/stream.go:418.19,420.3 1 0
github.com/debdutsaha/pgcdc/internal/cdc/stream.go:422.2,422.23 1 0
github.com/debdutsaha/pgcdc/internal/cdc/stream.go:422.23,428.54 2 0
github.com/debdutsaha/pgcdc/internal/cdc/stream.go:428.54,430.4 1 0
github.com/debdutsaha/pgcdc/internal/cdc/stream.go:430.9,432.4 1 0
github.com/debdutsaha/pgcdc/internal/cdc/stream.go:434.3,435.43 2 0
github.com/debdutsaha/pgcdc/internal/cdc/stream.go:435.43,437.4 1 0
github.com/debdutsaha/pgcdc/internal/cdc/stream.go:438.3,438.67 1 0
github.com/debdutsaha/pgcdc/internal/cdc/stream.go:439.8,441.3 1 0
github.com/debdutsaha/pgcdc/internal/cdc/stream.go:442.2,442.12 1 0
github.com/debdutsaha/pgcdc/internal/cdc/stream.go:446.94,451.16 2 0
github.com/debdutsaha/pgcdc/internal/cdc/stream.go:451.16,454.23 2 0
github.com/debdutsaha/pgcdc/internal/cdc/stream.go:454.23,456.4 1 0
github.com/debdutsaha/pgcdc/internal/cdc/stream.go:457.3,458.18 2 0
github.com/debdutsaha/pgcdc/internal/cdc/stream.go:461.2,463.17 3 0
github.com/debdutsaha/pgcdc/internal/cdc/stream.go:467.73,469.16 2 0
github.com/debdutsaha/pgcdc/internal/cdc/stream.go:469.16,471.3 1 0
github.com/debdutsaha/pgcdc/internal/cdc/stream.go:472.2,479.19 4 0
github.com/debdutsaha/pgcdc/internal/cdc/stream.go:479.19,481.3 1 0
github.com/debdutsaha/pgcdc/internal/cdc/stream.go:482.2,482.23 1 0
github.com/debdutsaha/pgcdc/internal/cdc/stream.go:482.23,484.3 1 0
github.com/debdutsaha/pgcdc/internal/cdc/stream.go:485.2,485.50 1 0
github.com/debdutsaha/pgcdc/internal/proxy/classifier.go:39.42,47.15 4 1
github.com/debdutsaha/pgcdc/internal/proxy/classifier.go:47.15,49.3 1 1
github.com/debdutsaha/pgcdc/internal/proxy/classifier.go:52.2,54.19 2 1
github.com/debdutsaha/pgcdc/internal/proxy/classifier.go:55.62,56.19 1 1
github.com/debdutsaha/pgcdc/internal/proxy/classifier.go:58.24,59.26 1 1
github.com/debdutsaha/pgcdc/internal/proxy/classifier.go:61.59,62.26 1 1
github.com/debdutsaha/pgcdc/internal/proxy/classifier.go:65.14,67.38 2 1
github.com/debdutsaha/pgcdc/internal/proxy/classifier.go:67.38,69.4 1 1
github.com/debdutsaha/pgcdc/internal/proxy/classifier.go:70.3,70.20 1 1
github.com/debdutsaha/pgcdc/internal/proxy/classifier.go:72.10,75.20 1 1
github.com/debdutsaha/pgcdc/internal/proxy/classifier.go:88.36,89.11 1 1
github.com/debdutsaha/pgcdc/internal/proxy/classifier.go:90.17,91.16 1 1
github.com/debdutsaha/pgcdc/internal/proxy/classifier.go:92.18,93.17 1 1
github.com/debdutsaha/pgcdc/internal/proxy/classifier.go:94.24,95.15 1 1
github.com/debdutsaha/pgcdc/internal/proxy/classifier.go:96.10,97.19 1 1
github.com/debdutsaha/pgcdc/internal/proxy/classifier.go:102.34,103.22 1 1
github.com/debdutsaha/pgcdc/internal/proxy/classifier.go:103.22,104.66 1 1
github.com/debdutsaha/pgcdc/internal/proxy/classifier.go:104.66,106.4 1 1
github.com/debdutsaha/pgcdc/internal/proxy/classifier.go:108.2,108.10 1 1
github.com/debdutsaha/pgcdc/internal/proxy/classifier.go:116.46,117.6 1 1
github.com/debdutsaha/pgcdc/internal/proxy/classifier.go:117.6,119.35 2 1
github.com/debdutsaha/pgcdc/internal/proxy/classifier.go:119.35,122.17 2 1
github.com/debdutsaha/pgcdc/internal/proxy/classifier.go:122.17,124.5 1 1
github.com/debdutsaha/pgcdc/internal/proxy/classifier.go:125.4,126.12 2 1
github.com/debdutsaha/pgcdc/internal/proxy/classifier.go:128.3,128.35 1 1
github.com/debdutsaha/pgcdc/internal/proxy/classifier.go:128.35,132.23 3 1
github.com/debdutsaha/pgcdc/internal/proxy/classifier.go:132.23,133.41 1 1
github.com/debdutsaha/pgcdc/internal/proxy/classifier.go:133.41,136.6 2 1
github.com/debdutsaha/pgcdc/internal/proxy/classifier.go:136.11,136.48 1 1
github.com/debdutsaha/pgcdc/internal/proxy/classifier.go:136.48,139.20 3 1
github.com/debdutsaha/pgcdc/internal/proxy/classifier.go:139.20,140.12 1 1
github.com/debdutsaha/pgcdc/internal/proxy/classifier.go:142.11,144.6 1 1
github.com/debdutsaha/pgcdc/internal/proxy/classifier.go:146.4,147.12 2 1
github.com/debdutsaha/pgcdc/internal/proxy/classifier.go:149.3,149.8 1 1
github.com/debdutsaha/pgcdc/internal/proxy/classifier.go:151.2,151.12 1 1
github.com/debdutsaha/pgcdc/internal/proxy/proxy.go:58.65,64.2 1 1
github.com/debdutsaha/pgcdc/internal/proxy/proxy.go:67.57,69.16 2 0
github.com/debdutsaha/pgcdc/internal/proxy/proxy.go:69.16,71.3 1 0
github.com/debdutsaha/pgcdc/internal/proxy/proxy.go:72.2,72.23 1 0
github.com/debdutsaha/pgcdc/internal/proxy/proxy.go:76.65,82.16 4 1
github.com/debdutsaha/pgcdc/internal/proxy/proxy.go:82.16,84.3 1 0
github.com/debdutsaha/pgcdc/internal/proxy/proxy.go:85.2,88.16 3 1
github.com/debdutsaha/pgcdc/internal/proxy/proxy.go:88.16,90.3 1 0
github.com/debdutsaha/pgcdc/internal/proxy/proxy.go:91.2,94.48 2 1
github.com/debdutsaha/pgcdc/internal/proxy/proxy.go:94.48,96.3 1 0
github.com/debdutsaha/pgcdc/internal/proxy/proxy.go:97.2,97.48 1 1
github.com/debdutsaha/pgcdc/internal/proxy/proxy.go:97.48,99.3 1 0
github.com/debdutsaha/pgcdc/internal/proxy/proxy.go:101.2,105.12 2 1
github.com/debdutsaha/pgcdc/internal/proxy/proxy.go:105.12,108.3 2 1
github.com/debdutsaha/pgcdc/internal/proxy/proxy.go:110.2,110.6 1 1
github.com/debdutsaha/pgcdc/internal/proxy/proxy.go:110.6,112.17 2 1
github.com/debdutsaha/pgcdc/internal/proxy/proxy.go:112.17,113.24 1 1
github.com/debdutsaha/pgcdc/internal/proxy/proxy.go:113.24,115.5 1 1
github.com/debdutsaha/pgcdc/internal/proxy/proxy.go:116.4,117.12 2 0
github.com/debdutsaha/pgcdc/internal/proxy/proxy.go:120.3,121.13 2 1
github.com/debdutsaha/pgcdc/internal/proxy/proxy.go:121.13,124.4 2 1
github.com/debdutsaha/pgcdc/internal/proxy/proxy.go:136.68,144.16 5 1
github.com/debdutsaha/pgcdc/internal/proxy/proxy.go:144.16,147.3 2 0
github.com/debdutsaha/pgcdc/internal/proxy/proxy.go:150.2,150.26 1 1
github.com/debdutsaha/pgcdc/internal/proxy/proxy.go:150.26,152.23 2 0
github.com/debdutsaha/pgcdc/internal/proxy/proxy.go:152.23,154.55 1 0
github.com/debdutsaha/pgcdc/internal/proxy/proxy.go:154.55,157.5 2 0
github.com/debdutsaha/pgcdc/internal/proxy/proxy.go:158.4,159.18 2 0
github.com/debdutsaha/pgcdc/internal/proxy/proxy.go:159.18,162.5 2 0
github.com/debdutsaha/pgcdc/internal/proxy/proxy.go:168.2,173.43 3 1
github.com/debdutsaha/pgcdc/internal/proxy/proxy.go:173.43,176.3 2 0
github.com/debdutsaha/pgcdc/internal/proxy/proxy.go:178.2,184.6 4 1
github.com/debdutsaha/pgcdc/internal/proxy/proxy.go:184.6,185.23 1 1
github.com/debdutsaha/pgcdc/internal/proxy/proxy.go:185.23,187.4 1 0
github.com/debdutsaha/pgcdc/internal/proxy/proxy.go:189.3,190.17 2 1
github.com/debdutsaha/pgcdc/internal/proxy/proxy.go:190.17,191.21 1 1
github.com/debdutsaha/pgcdc/internal/proxy/proxy.go:191.21,193.5 1 0
github.com/debdutsaha/pgcdc/internal/proxy/proxy.go:194.4,194.10 1 1
github.com/debdutsaha/pgcdc/internal/proxy/proxy.go:197.3,197.20 1 1
github.com/debdutsaha/pgcdc/internal/proxy/proxy.go:197.20,198.12 1 0
github.com/debdutsaha/pgcdc/internal/proxy/proxy.go:201.3,204.21 2 1
github.com/debdutsaha/pgcdc/internal/proxy/proxy.go:204.21,207.4 2 0
github.com/debdutsaha/pgcdc/internal/proxy/proxy.go:214.3,214.21 1 1
github.com/debdutsaha/pgcdc/internal/proxy/proxy.go:214.21,220.11 4 1
github.com/debdutsaha/pgcdc/internal/proxy/proxy.go:221.35,223.12 2 1
github.com/debdutsaha/pgcdc/internal/proxy/proxy.go:224.87,227.77 3 1
github.com/debdutsaha/pgcdc/internal/proxy/proxy.go:228.13,231.79 3 1
github.com/debdutsaha/pgcdc/internal/proxy/proxy.go:234.23,235.85 1 1
github.com/debdutsaha/pgcdc/internal/proxy/proxy.go:237.28,239.68 2 1
github.com/debdutsaha/pgcdc/internal/proxy/proxy.go:241.12,242.68 1 1
github.com/debdutsaha/pgcdc/internal/proxy/proxy.go:246.4,247.18 2 1
github.com/debdutsaha/pgcdc/internal/proxy/proxy.go:247.18,249.5 1 1
github.com/debdutsaha/pgcdc/internal/proxy/proxy.go:249.10,251.5 1 1
github.com/debdutsaha/pgcdc/internal/proxy/proxy.go:257.4,258.21 2 1
github.com/debdutsaha/pgcdc/internal/proxy/proxy.go:258.21,260.5 1 1
github.com/debdutsaha/pgcdc/internal/proxy/proxy.go:262.4,262.81 1 1
github.com/debdutsaha/pgcdc/internal/proxy/proxy.go:262.81,265.22 3 0
github.com/debdutsaha/pgcdc/internal/proxy/proxy.go:265.22,267.6 1 0
github.com/debdutsaha/pgcdc/internal/proxy/proxy.go:269.5,270.17 2 0
github.com/debdutsaha/pgcdc/internal/proxy/proxy.go:270.17,272.6 1 0
github.com/debdutsaha/pgcdc/internal/proxy/proxy.go:273.5,274.13 2 0
github.com/debdutsaha/pgcdc/internal/proxy/proxy.go:276.9,280.4 2 0
github.com/debdutsaha/pgcdc/internal/proxy/proxy.go:288.127,290.16 2 1
github.com/debdutsaha/pgcdc/internal/proxy/proxy.go:290.16,292.3 1 0
github.com/debdutsaha/pgcdc/internal/proxy/proxy.go:293.2,297.21 3 1
github.com/debdutsaha/pgcdc/internal/proxy/proxy.go:297.21,299.28 2 1
github.com/debdutsaha/pgcdc/internal/proxy/proxy.go:299.28,309.4 1 1
github.com/debdutsaha/pgcdc/internal/proxy/proxy.go:310.3,310.62 1 1
github.com/debdutsaha/pgcdc/internal/proxy/proxy.go:310.62,312.4 1 0
github.com/debdutsaha/pgcdc/internal/proxy/proxy.go:315.3,315.19 1 1
github.com/debdutsaha/pgcdc/internal/proxy/proxy.go:315.19,317.54 2 1
github.com/debdutsaha/pgcdc/internal/proxy/proxy.go:317.54,319.5 1 0
github.com/debdutsaha/pgcdc/internal/proxy/proxy.go:322.3,322.24 1 1
github.com/debdutsaha/pgcdc/internal/proxy/proxy.go:322.24,324.4 1 0
github.com/debdutsaha/pgcdc/internal/proxy/proxy.go:328.2,329.15 2 1
github.com/debdutsaha/pgcdc/internal/proxy/proxy.go:329.15,331.3 1 1
github.com/debdutsaha/pgcdc/internal/proxy/proxy.go:332.2,332.57 1 1
github.com/debdutsaha/pgcdc/internal/proxy/proxy.go:332.57,334.3 1 0
github.com/debdutsaha/pgcdc/internal/proxy/proxy.go:337.2,337.47 1 1
github.com/debdutsaha/pgcdc/internal/proxy/proxy.go:343.61,344.18 1 1
github.com/debdutsaha/pgcdc/internal/proxy/proxy.go:344.18,346.3 1 1
github.com/debdutsaha/pgcdc/internal/proxy/proxy.go:348.2,349.22 2 1
github.com/debdutsaha/pgcdc/internal/proxy/proxy.go:349.22,352.28 2 1
github.com/debdutsaha/pgcdc/internal/proxy/proxy.go:352.28,353.14 1 1
github.com/debdutsaha/pgcdc/internal/proxy/proxy.go:353.14,355.10 2 1
github.com/debdutsaha/pgcdc/internal/proxy/proxy.go:358.3,363.28 4 1
github.com/debdutsaha/pgcdc/internal/proxy/proxy.go:363.28,364.14 1 1
github.com/debdutsaha/pgcdc/internal/proxy/proxy.go:364.14,366.10 2 1
github.com/debdutsaha/pgcdc/internal/proxy/proxy.go:369.3,372.14 3 1
github.com/debdutsaha/pgcdc/internal/proxy/proxy.go:373.15,374.16 1 1
github.com/debdutsaha/pgcdc/internal/proxy/proxy.go:375.19,376.20 1 1
github.com/debdutsaha/pgcdc/internal/proxy/proxy.go:379.2,379.8 1 1
github.com/debdutsaha/pgcdc/internal/proxy/proxy.go:384.36,387.43 2 1
github.com/debdutsaha/pgcdc/internal/proxy/proxy.go:387.43,389.3 1 1
github.com/debdutsaha/pgcdc/internal/proxy/proxy.go:392.2,399.4 1 1
github.com/debdutsaha/pgcdc/internal/proxy/proxy.go:399.4,400.62 1 1
github.com/debdutsaha/pgcdc/internal/proxy/proxy.go:400.62,402.4 1 0
github.com/debdutsaha/pgcdc/internal/proxy/proxy.go:406.2,407.44 2 1
github.com/debdutsaha/pgcdc/internal/proxy/proxy.go:407.44,409.3 1 0
github.com/debdutsaha/pgcdc/internal/proxy/proxy.go:412.2,412.34 1 1
github.com/debdutsaha/pgcdc/internal/proxy/proxy.go:415.64,431.2 14 1
github.com/debdutsaha/pgcdc/internal/proxy/proxy.go:433.56,439.2 3 1
github.com/debdutsaha/pgcdc/internal/proxy/proxy.go:441.50,465.2 21 1
github.com/debdutsaha/pgcdc/internal/proxy/proxy.go:467.57,477.2 8 1
github.com/debdutsaha/pgcdc/internal/proxy/proxy.go:479.78,486.27 2 1
github.com/debdutsaha/pgcdc/internal/proxy/proxy.go:486.27,488.3 1 1
github.com/debdutsaha/pgcdc/internal/proxy/proxy.go:490.2,496.27 6 1
github.com/debdutsaha/pgcdc/internal/proxy/proxy.go:496.27,513.3 16 1
github.com/debdutsaha/pgcdc/internal/proxy/proxy.go:515.2,516.12 2 1
github.com/debdutsaha/pgcdc/internal/proxy/proxy.go:519.54,524.27 2 1
github.com/debdutsaha/pgcdc/internal/proxy/proxy.go:524.27,525.15 1 1
github.com/debdutsaha/pgcdc/internal/proxy/proxy.go:525.15,527.4 1 1
github.com/debdutsaha/pgcdc/internal/proxy/proxy.go:527.9,529.4 1 1
github.com/debdutsaha/pgcdc/internal/proxy/proxy.go:532.2,538.27 6 1
github.com/debdutsaha/pgcdc/internal/proxy/proxy.go:538.27,539.15 1 1
github.com/debdutsaha/pgcdc/internal/proxy/proxy.go:539.15,542.4 2 1
github.com/debdutsaha/pgcdc/internal/proxy/proxy.go:542.9,547.4 4 1
github.com/debdutsaha/pgcdc/internal/proxy/proxy.go:550.2,551.12 2 1
github.com/debdutsaha/pgcdc/internal/proxy/proxy.go:555.66,556.15 1 1
github.com/debdutsaha/pgcdc/internal/proxy/proxy.go:556.15,558.51 2 1
github.com/debdutsaha/pgcdc/internal/proxy/proxy.go:558.51,560.4 1 0
github.com/debdutsaha/pgcdc/internal/proxy/proxy.go:561.3,562.35 2 1
github.com/debdutsaha/pgcdc/internal/proxy/proxy.go:562.35,564.4 1 1
github.com/debdutsaha/pgcdc/internal/proxy/proxy.go:565.3,567.52 3 1
github.com/debdutsaha/pgcdc/internal/proxy/proxy.go:567.52,569.4 1 0
github.com/debdutsaha/pgcdc/internal/proxy/proxy.go:570.3,570.18 1 1
github.com/debdutsaha/pgcdc/internal/proxy/proxy.go:573.2,574.50 2 1
github.com/debdutsaha/pgcdc/internal/proxy/proxy.go:574.50,576.3 1 1
github.com/debdutsaha/pgcdc/internal/proxy/proxy.go:577.2,578.16 2 1
github.com/debdutsaha/pgcdc/internal/proxy/proxy.go:578.16,580.3 1 1
github.com/debdutsaha/pgcdc/internal/proxy/proxy.go:582.2,584.16 3 1
github.com/debdutsaha/pgcdc/internal/proxy/proxy.go:584.16,585.52 1 1
github.com/debdutsaha/pgcdc/internal/proxy/proxy.go:585.52,587.4 1 0
github.com/debdutsaha/pgcdc/internal/proxy/proxy.go:589.2,589.17 1 1
github.com/debdutsaha/pgcdc/internal/proxy/proxy.go:593.36,594.18 1 1
github.com/debdutsaha/pgcdc/internal/proxy/proxy.go:594.18,596.3 1 1
github.com/debdutsaha/pgcdc/internal/proxy/proxy.go:598.2,598.16 1 1
github.com/debdutsaha/pgcdc/internal/proxy/proxy.go:599.11,601.29 2 1
github.com/debdutsaha/pgcdc/internal/proxy/proxy.go:601.29,602.14 1 1
github.com/debdutsaha/pgcdc/internal/proxy/proxy.go:602.14,604.5 1 1
github.com/debdutsaha/pgcdc/internal/proxy/proxy.go:606.3,606.25 1 1
github.com/debdutsaha/pgcdc/internal/proxy/proxy.go:608.11,611.29 3 1
github.com/debdutsaha/pgcdc/internal/proxy/proxy.go:611.29,612.14 1 1
github.com/debdutsaha/pgcdc/internal/proxy/proxy.go:612.14,614.10 2 1
github.com/debdutsaha/pgcdc/internal/proxy/proxy.go:617.3,618.32 2 1
github.com/debdutsaha/pgcdc/internal/proxy/proxy.go:618.32,619.14 1 1
github.com/debdutsaha/pgcdc/internal/proxy/proxy.go:619.14,621.5 1 1
github.com/debdutsaha/pgcdc/internal/proxy/proxy.go:623.3,623.28 1 0
github.com/debdutsaha/pgcdc/internal/proxy/proxy.go:626.2,626.11 1 1
github.com/debdutsaha/pgcdc/internal/proxy/proxy.go:630.37,631.19 1 1
github.com/debdutsaha/pgcdc/internal/proxy/proxy.go:631.19,633.3 1 1
github.com/debdutsaha/pgcdc/internal/proxy/proxy.go:634.2,634.12 1 1
github.com/debdutsaha/pgcdc/internal/proxy/proxy.go:638.37,640.2 1 1
github.com/debdutsaha/pgcdc/internal/proxy/proxy.go:643.31,644.23 1 1
github.com/debdutsaha/pgcdc/internal/proxy/proxy.go:644.23,646.3 1 1
github.com/debdutsaha/pgcdc/internal/proxy/proxy.go:647.2,647.12 1 1
github.com/debdutsaha/pgcdc/internal/sink/batch.go:61.88,69.2 1 1
github.com/debdutsaha/pgcdc/internal/sink/batch.go:75.79,81.23 2 1
github.com/debdutsaha/pgcdc/internal/sink/batch.go:81.23,83.3 1 1
github.com/debdutsaha/pgcdc/internal/sink/batch.go:85.2,88.24 2 1
github.com/debdutsaha/pgcdc/internal/sink/batch.go:88.24,89.46 1 1
github.com/debdutsaha/pgcdc/internal/sink/batch.go:89.46,95.22 5 1
github.com/debdutsaha/pgcdc/internal/sink/batch.go:95.22,98.65 3 1
github.com/debdutsaha/pgcdc/internal/sink/batch.go:98.65,100.6 1 0
github.com/debdutsaha/pgcdc/internal/sink/batch.go:104.4,104.11 1 1
github.com/debdutsaha/pgcdc/internal/sink/batch.go:105.33,105.33 0 1
github.com/debdutsaha/pgcdc/internal/sink/batch.go:106.12,106.12 0 0
github.com/debdutsaha/pgcdc/internal/sink/batch.go:112.2,112.32 1 1
github.com/debdutsaha/pgcdc/internal/sink/batch.go:112.32,114.21 2 1
github.com/debdutsaha/pgcdc/internal/sink/batch.go:114.21,117.4 2 1
github.com/debdutsaha/pgcdc/internal/sink/batch.go:118.3,121.42 4 1
github.com/debdutsaha/pgcdc/internal/sink/batch.go:124.2,125.12 2 1
github.com/debdutsaha/pgcdc/internal/sink/batch.go:129.35,131.20 2 1
github.com/debdutsaha/pgcdc/internal/sink/batch.go:131.20,134.3 2 1
github.com/debdutsaha/pgcdc/internal/sink/batch.go:135.2,138.20 3 1
github.com/debdutsaha/pgcdc/internal/sink/batch.go:138.20,143.58 5 1
github.com/debdutsaha/pgcdc/internal/sink/batch.go:143.58,145.4 1 0
github.com/debdutsaha/pgcdc/internal/sink/batch.go:147.2,147.24 1 1
github.com/debdutsaha/pgcdc/internal/sink/batch.go:152.57,156.2 3 1
github.com/debdutsaha/pgcdc/internal/sink/dlq.go:53.48,55.16 2 1
github.com/debdutsaha/pgcdc/internal/sink/dlq.go:55.16,57.3 1 0
github.com/debdutsaha/pgcdc/internal/sink/dlq.go:59.2,63.8 1 1
github.com/debdutsaha/pgcdc/internal/sink/dlq.go:75.74,76.62 1 1
github.com/debdutsaha/pgcdc/internal/sink/dlq.go:76.62,87.22 5 1
github.com/debdutsaha/pgcdc/internal/sink/dlq.go:87.22,92.4 2 0
github.com/debdutsaha/pgcdc/internal/sink/dlq.go:94.3,100.13 3 1
github.com/debdutsaha/pgcdc/internal/sink/dlq.go:105.33,109.2 3 1
github.com/debdutsaha/pgcdc/internal/sink/kafka.go:41.75,59.16 3 0
github.com/debdutsaha/pgcdc/internal/sink/kafka.go:59.16,61.3 1 0
github.com/debdutsaha/pgcdc/internal/sink/kafka.go:64.2,64.58 1 0
github.com/debdutsaha/pgcdc/internal/sink/kafka.go:64.58,67.3 2 0
github.com/debdutsaha/pgcdc/internal/sink/kafka.go:68.2,73.8 2 0
github.com/debdutsaha/pgcdc/internal/sink/kafka.go:78.79,87.16 4 0
github.com/debdutsaha/pgcdc/internal/sink/kafka.go:87.16,89.3 1 0
github.com/debdutsaha/pgcdc/internal/sink/kafka.go:95.2,101.42 2 0
github.com/debdutsaha/pgcdc/internal/sink/kafka.go:101.42,103.3 1 0
github.com/debdutsaha/pgcdc/internal/sink/kafka.go:104.2,104.12 1 0
github.com/debdutsaha/pgcdc/internal/sink/kafka.go:108.35,111.2 2 0
github.com/debdutsaha/pgcdc/internal/sink/kafka.go:120.60,123.19 2 1
github.com/debdutsaha/pgcdc/internal/sink/kafka.go:123.19,125.3 1 1
github.com/debdutsaha/pgcdc/internal/sink/kafka.go:127.2,127.19 1 1
github.com/debdutsaha/pgcdc/internal/sink/kafka.go:127.19,128.33 1 1
github.com/debdutsaha/pgcdc/internal/sink/kafka.go:128.33,131.4 2 1
github.com/debdutsaha/pgcdc/internal/sink/kafka.go:135.2,135.78 1 1
github.com/debdutsaha/pgcdc/internal/sink/metrics.go:25.63,27.2 1 1
github.com/debdutsaha/pgcdc/internal/sink/metrics.go:31.81,35.31 2 1
github.com/debdutsaha/pgcdc/internal/sink/metrics.go:35.31,38.3 2 1
github.com/debdutsaha/pgcdc/internal/sink/metrics.go:40.2,48.16 5 1
github.com/debdutsaha/pgcdc/internal/sink/metrics.go:48.16,50.3 1 1
github.com/debdutsaha/pgcdc/internal/sink/metrics.go:51.2,53.12 2 1
github.com/debdutsaha/pgcdc/internal/sink/metrics.go:57.37,59.2 1 1
github.com/debdutsaha/pgcdc/internal/sink/retry.go:43.41,44.28 1 1
github.com/debdutsaha/pgcdc/internal/sink/retry.go:44.28,44.49 1 1
github.com/debdutsaha/pgcdc/internal/sink/retry.go:48.49,49.28 1 1
github.com/debdutsaha/pgcdc/internal/sink/retry.go:49.28,49.47 1 1
github.com/debdutsaha/pgcdc/internal/sink/retry.go:53.48,54.28 1 1
github.com/debdutsaha/pgcdc/internal/sink/retry.go:54.28,54.46 1 1
github.com/debdutsaha/pgcdc/internal/sink/retry.go:59.81,60.28 1 1
github.com/debdutsaha/pgcdc/internal/sink/retry.go:60.28,60.48 1 1
github.com/debdutsaha/pgcdc/internal/sink/retry.go:64.63,70.59 1 1
github.com/debdutsaha/pgcdc/internal/sink/retry.go:70.59,75.4 1 1
github.com/debdutsaha/pgcdc/internal/sink/retry.go:77.2,77.27 1 1
github.com/debdutsaha/pgcdc/internal/sink/retry.go:77.27,79.3 1 1
github.com/debdutsaha/pgcdc/internal/sink/retry.go:80.2,80.10 1 1
github.com/debdutsaha/pgcdc/internal/sink/retry.go:84.79,87.37 2 1
github.com/debdutsaha/pgcdc/internal/sink/retry.go:87.37,89.17 2 1
github.com/debdutsaha/pgcdc/internal/sink/retry.go:89.17,90.19 1 1
github.com/debdutsaha/pgcdc/internal/sink/retry.go:90.19,94.5 2 1
github.com/debdutsaha/pgcdc/internal/sink/retry.go:95.4,95.14 1 1
github.com/debdutsaha/pgcdc/internal/sink/retry.go:98.3,102.23 3 1
github.com/debdutsaha/pgcdc/internal/sink/retry.go:102.23,104.4 1 0
github.com/debdutsaha/pgcdc/internal/sink/retry.go:109.3,110.25 2 1
github.com/debdutsaha/pgcdc/internal/sink/retry.go:110.25,112.4 1 0
github.com/debdutsaha/pgcdc/internal/sink/retry.go:113.3,119.10 4 1
github.com/debdutsaha/pgcdc/internal/sink/retry.go:120.28,120.28 0 1
github.com/debdutsaha/pgcdc/internal/sink/retry.go:122.21,123.75 1 1
github.com/debdutsaha/pgcdc/internal/sink/retry.go:128.2,129.36 2 1
github.com/debdutsaha/pgcdc/internal/sink/retry.go:133.35,135.2 1 1
github.com/debdutsaha/pgcdc/internal/sink/stdout.go:26.34,30.2 1 1
github.com/debdutsaha/pgcdc/internal/sink/stdout.go:33.78,35.2 1 1
github.com/debdutsaha/pgcdc/internal/sink/stdout.go:38.36,40.2 1 1
github.com/debdutsaha/pgcdc/internal/sink/stdout_batch.go:31.44,35.2 1 1
github.com/debdutsaha/pgcdc/internal/sink/stdout_batch.go:38.91,44.2 2 1
github.com/debdutsaha/pgcdc/internal/sink/stdout_batch.go:47.41,49.2 1 1
github.com/debdutsaha/pgcdc/internal/sink/webhook.go:32.46,39.2 1 1
github.com/debdutsaha/pgcdc/internal/sink/webhook.go:43.81,45.16 2 1
github.com/debdutsaha/pgcdc/internal/sink/webhook.go:45.16,47.3 1 0
github.com/debdutsaha/pgcdc/internal/sink/webhook.go:49.2,50.16 2 1
github.com/debdutsaha/pgcdc/internal/sink/webhook.go:50.16,52.3 1 0
github.com/debdutsaha/pgcdc/internal/sink/webhook.go:54.2,59.16 5 1
github.com/debdutsaha/pgcdc/internal/sink/webhook.go:59.16,61.3 1 1
github.com/debdutsaha/pgcdc/internal/sink/webhook.go:62.2,64.53 2 1
github.com/debdutsaha/pgcdc/internal/sink/webhook.go:64.53,66.3 1 1
github.com/debdutsaha/pgcdc/internal/sink/webhook.go:67.2,67.12 1 1
github.com/debdutsaha/pgcdc/internal/sink/webhook.go:71.37,74.2 2 1
github.com/debdutsaha/pgcdc/internal/sink/webhook_batch.go:36.56,43.2 1 1
github.com/debdutsaha/pgcdc/internal/sink/webhook_batch.go:46.94,48.16 2 1
github.com/debdutsaha/pgcdc/internal/sink/webhook_batch.go:48.16,50.3 1 0
github.com/debdutsaha/pgcdc/internal/sink/webhook_batch.go:52.2,53.16 2 1
github.com/debdutsaha/pgcdc/internal/sink/webhook_batch.go:53.16,55.3 1 0
github.com/debdutsaha/pgcdc/internal/sink/webhook_batch.go:57.2,61.16 4 1
github.com/debdutsaha/pgcdc/internal/sink/webhook_batch.go:61.16,63.3 1 0
github.com/debdutsaha/pgcdc/internal/sink/webhook_batch.go:64.2,66.53 2 1
github.com/debdutsaha/pgcdc/internal/sink/webhook_batch.go:66.53,68.3 1 1
github.com/debdutsaha/pgcdc/internal/sink/webhook_batch.go:69.2,69.12 1 1
github.com/debdutsaha/pgcdc/internal/sink/webhook_batch.go:73.42,76.2 2 1
